******************************************************************************
                  TI ARM Linker PC v20.2.5                     
******************************************************************************
>> Linked Tue Jan 18 17:33:10 2022

OUTPUT FILE NAME:   <project0.out>
ENTRY POINT SYMBOL: "_c_int00_noinit_noargs"  address: 00000bb5


MEMORY CONFIGURATION

         name            origin    length      used     unused   attr    fill
----------------------  --------  ---------  --------  --------  ----  --------
  FLASH                 00000000   00040000  00000e0a  0003f1f6  R  X
  SRAM                  20000000   00008000  00000100  00007f00  RW X


SEGMENT ALLOCATION MAP

run origin  load origin   length   init length attrs members
----------  ----------- ---------- ----------- ----- -------
00000000    00000000    00000e0c   00000e0c    r-x
  00000000    00000000    0000026c   0000026c    r-- .intvecs
  0000026c    0000026c    00000aa2   00000aa2    r-x .text
  00000d10    00000d10    000000fc   000000fc    r-- .const
20000000    20000000    00000100   00000000    rw-
  20000000    20000000    00000100   00000000    rw- .stack


SECTION ALLOCATION MAP

 output                                  attributes/
section   page    origin      length       input sections
--------  ----  ----------  ----------   ----------------
.intvecs   0    00000000    0000026c     
                  00000000    0000026c     startup_ccs.obj (.intvecs)

.text      0    0000026c    00000aa2     
                  0000026c    00000274     KEYBOARD.obj (.text:keypadScan)
                  000004e0    00000132     driverlib.lib : gpio.obj (.text:GPIOPadConfigSet)
                  00000612    00000002     startup_ccs.obj (.text:FaultISR)
                  00000614    00000110     driverlib.lib : sysctl.obj (.text:SysCtlClockGet)
                  00000724    00000104     project0.obj (.text:main)
                  00000828    000000f4     driverlib.lib : sysctl.obj (.text:SysCtlClockSet)
                  0000091c    00000064     LCD.obj (.text:Lcd_Init)
                  00000980    0000005c     LCD.obj (.text:Lcd_Write_Char)
                  000009dc    00000054     LCD.obj (.text:Lcd_Port)
                  00000a30    00000050     project0.obj (.text:pwm0_start)
                  00000a80    00000048     driverlib.lib : gpio.obj (.text:GPIOPinConfigure)
                  00000ac8    00000040     LCD.obj (.text:Lcd_Cmd)
                  00000b08    00000040     project0.obj (.text:pwm0_init)
                  00000b48    00000038     driverlib.lib : sysctl.obj (.text:SysCtlPeripheralReady)
                  00000b80    00000034                   : sysctl.obj (.text:SysCtlPeripheralEnable)
                  00000bb4    0000002c     rtsv7M4_T_le_v4SPD16_eabi.lib : boot_cortex_m.c.obj (.text:_c_int00_noinit_noargs:_c_int00_noinit_noargs)
                  00000be0    0000002a     driverlib.lib : gpio.obj (.text:GPIODirModeSet)
                  00000c0a    00000022     project0.obj (.text:PWMGenConfigure)
                  00000c2c    0000001e     project0.obj (.text:PWMPulseWidthSet)
                  00000c4a    00000018     driverlib.lib : gpio.obj (.text:GPIOPinTypeGPIOOutput)
                  00000c62    00000014     LCD.obj (.text:Lcd_Write_String)
                  00000c76    00000012     driverlib.lib : gpio.obj (.text:GPIOPinTypeGPIOInput)
                  00000c88    00000012                   : gpio.obj (.text:GPIOPinTypePWM)
                  00000c9a    00000012     project0.obj (.text:PWMGenPeriodGet)
                  00000cac    00000012     project0.obj (.text:PWMOutputState)
                  00000cbe    00000010     LCD.obj (.text:Lcd_Clear)
                  00000cce    00000010     project0.obj (.text:PWMGenPeriodSet)
                  00000cde    0000000c     project0.obj (.text:PWMGenEnable)
                  00000cea    00000006     driverlib.lib : gpio.obj (.text:GPIOPinRead)
                  00000cf0    00000006                   : gpio.obj (.text:GPIOPinWrite)
                  00000cf6    00000006     startup_ccs.obj (.text:ResetISR)
                  00000cfc    00000006     driverlib.lib : sysctl.obj (.text:SysCtlDelay)
                  00000d02    00000004     rtsv7M4_T_le_v4SPD16_eabi.lib : pre_init.c.obj (.text:_system_pre_init)
                  00000d06    00000004                                   : exit.c.obj (.text:abort:abort)
                  00000d0a    00000002     startup_ccs.obj (.text:IntDefaultHandler)
                  00000d0c    00000002     startup_ccs.obj (.text:NmiSR)

.const     0    00000d10    000000fc     
                  00000d10    00000090     driverlib.lib : gpio.obj (.const:g_pui32GPIOBaseAddrs)
                  00000da0    0000006c                   : sysctl.obj (.const:g_pui32Xtals)

.cinit     0    00000000    00000000     UNINITIALIZED

.init_array 
*          0    00000000    00000000     UNINITIALIZED

.stack     0    20000000    00000100     UNINITIALIZED
                  20000000    00000004     rtsv7M4_T_le_v4SPD16_eabi.lib : boot_cortex_m.c.obj (.stack)
                  20000004    000000fc     --HOLE--

__llvm_prf_cnts 
*          0    20000000    00000000     UNINITIALIZED

MODULE SUMMARY

       Module                code   ro data   rw data
       ------                ----   -------   -------
    .\
       startup_ccs.obj       12     620       0      
       KEYBOARD.obj          628    0         0      
       project0.obj          532    0         0      
       LCD.obj               376    0         0      
    +--+---------------------+------+---------+---------+
       Total:                1548   620       0      
                                                     
    C:/ti/tivaware_c_series_2_1_4_178/driverlib/ccs/Debug/driverlib.lib
       sysctl.obj            630    108       0      
       gpio.obj              492    144       0      
    +--+---------------------+------+---------+---------+
       Total:                1122   252       0      
                                                     
    C:\ti\ccs1100\ccs\tools\compiler\ti-cgt-arm_20.2.5.LTS\lib\rtsv7M4_T_le_v4SPD16_eabi.lib
       boot_cortex_m.c.obj   44     0         0      
       exit.c.obj            4      0         0      
       pre_init.c.obj        4      0         0      
    +--+---------------------+------+---------+---------+
       Total:                52     0         0      
                                                     
       Stack:                0      0         256    
    +--+---------------------+------+---------+---------+
       Grand Total:          2722   872       256    


GLOBAL SYMBOLS: SORTED ALPHABETICALLY BY Name 

address   name                   
-------   ----                   
00000d07  C$$EXIT                
00000be1  GPIODirModeSet         
000004e1  GPIOPadConfigSet       
00000a81  GPIOPinConfigure       
00000ceb  GPIOPinRead            
00000c77  GPIOPinTypeGPIOInput   
00000c4b  GPIOPinTypeGPIOOutput  
00000c89  GPIOPinTypePWM         
00000cf1  GPIOPinWrite           
00000cbf  Lcd_Clear              
00000ac9  Lcd_Cmd                
0000091d  Lcd_Init               
000009dd  Lcd_Port               
00000981  Lcd_Write_Char         
00000c63  Lcd_Write_String       
00000c0b  PWMGenConfigure        
00000cdf  PWMGenEnable           
00000c9b  PWMGenPeriodGet        
00000ccf  PWMGenPeriodSet        
00000cad  PWMOutputState         
00000c2d  PWMPulseWidthSet       
00000cf7  ResetISR               
00000615  SysCtlClockGet         
00000829  SysCtlClockSet         
00000cfd  SysCtlDelay            
00000b81  SysCtlPeripheralEnable 
00000b49  SysCtlPeripheralReady  
20000100  __STACK_END            
00000100  __STACK_SIZE           
20000100  __STACK_TOP            
ffffffff  __TI_pprof_out_hndl    
ffffffff  __TI_prof_data_size    
ffffffff  __TI_prof_data_start   
00000000  __TI_static_base__     
ffffffff  __binit__              
ffffffff  __c_args__             
UNDEFED   __mpu_init             
20000000  __stack                
20000000  __start___llvm_prf_cnts
20000000  __stop___llvm_prf_cnts 
00000bb5  _c_int00_noinit_noargs 
00000d03  _system_pre_init       
00000d07  abort                  
ffffffff  binit                  
00000000  g_pfnVectors           
0000026d  keypadScan             
00000725  main                   
00000b09  pwm0_init              
00000a31  pwm0_start             


GLOBAL SYMBOLS: SORTED BY Symbol Address 

address   name                   
-------   ----                   
00000000  __TI_static_base__     
00000000  g_pfnVectors           
00000100  __STACK_SIZE           
0000026d  keypadScan             
000004e1  GPIOPadConfigSet       
00000615  SysCtlClockGet         
00000725  main                   
00000829  SysCtlClockSet         
0000091d  Lcd_Init               
00000981  Lcd_Write_Char         
000009dd  Lcd_Port               
00000a31  pwm0_start             
00000a81  GPIOPinConfigure       
00000ac9  Lcd_Cmd                
00000b09  pwm0_init              
00000b49  SysCtlPeripheralReady  
00000b81  SysCtlPeripheralEnable 
00000bb5  _c_int00_noinit_noargs 
00000be1  GPIODirModeSet         
00000c0b  PWMGenConfigure        
00000c2d  PWMPulseWidthSet       
00000c4b  GPIOPinTypeGPIOOutput  
00000c63  Lcd_Write_String       
00000c77  GPIOPinTypeGPIOInput   
00000c89  GPIOPinTypePWM         
00000c9b  PWMGenPeriodGet        
00000cad  PWMOutputState         
00000cbf  Lcd_Clear              
00000ccf  PWMGenPeriodSet        
00000cdf  PWMGenEnable           
00000ceb  GPIOPinRead            
00000cf1  GPIOPinWrite           
00000cf7  ResetISR               
00000cfd  SysCtlDelay            
00000d03  _system_pre_init       
00000d07  C$$EXIT                
00000d07  abort                  
20000000  __stack                
20000000  __start___llvm_prf_cnts
20000000  __stop___llvm_prf_cnts 
20000100  __STACK_END            
20000100  __STACK_TOP            
ffffffff  __TI_pprof_out_hndl    
ffffffff  __TI_prof_data_size    
ffffffff  __TI_prof_data_start   
ffffffff  __binit__              
ffffffff  __c_args__             
ffffffff  binit                  
UNDEFED   __mpu_init             

[49 symbols]
