******************************************************************************
                  TI ARM Linker PC v20.2.5                     
******************************************************************************
>> Linked Fri Jan 21 18:46:45 2022

OUTPUT FILE NAME:   <project0.out>
ENTRY POINT SYMBOL: "_c_int00_noinit_noargs"  address: 000014f5


MEMORY CONFIGURATION

         name            origin    length      used     unused   attr    fill
----------------------  --------  ---------  --------  --------  ----  --------
  FLASH                 00000000   00040000  0000190c  0003e6f4  R  X
  SRAM                  20000000   00008000  00000100  00007f00  RW X


SEGMENT ALLOCATION MAP

run origin  load origin   length   init length attrs members
----------  ----------- ---------- ----------- ----- -------
00000000    00000000    0000190c   0000190c    r-x
  00000000    00000000    0000026c   0000026c    r-- .intvecs
  0000026c    0000026c    000014a0   000014a0    r-x .text
  0000170c    0000170c    00000200   00000200    r-- .const
20000000    20000000    00000100   00000000    rw-
  20000000    20000000    00000100   00000000    rw- .stack


SECTION ALLOCATION MAP

 output                                  attributes/
section   page    origin      length       input sections
--------  ----  ----------  ----------   ----------------
.intvecs   0    00000000    0000026c     
                  00000000    0000026c     startup_ccs.obj (.intvecs)

.text      0    0000026c    000014a0     
                  0000026c    0000036c     Active_State.obj (.text:Active_state)
                  000005d8    00000274     KEYBOARD.obj (.text:keypadScan)
                  0000084c    00000178     project0.obj (.text:main)
                  000009c4    00000132     driverlib.lib : gpio.obj (.text:GPIOPadConfigSet)
                  00000af6    00000002     startup_ccs.obj (.text:FaultISR)
                  00000af8    00000110     driverlib.lib : sysctl.obj (.text:SysCtlClockGet)
                  00000c08    000000f4                   : sysctl.obj (.text:SysCtlClockSet)
                  00000cfc    000000b8     Init_System.obj (.text:init_system)
                  00000db4    000000b4     Config_State.obj (.text:Get_Time)
                  00000e68    000000b0     Config_State.obj (.text:Get_Date)
                  00000f18    000000a4     Config_State.obj (.text:Set_Timeout)
                  00000fbc    000000a0     Config_State.obj (.text:Set_Distance)
                  0000105c    00000098     Config_State.obj (.text:Set_PIN)
                  000010f4    0000006e     rtsv7M4_T_le_v4SPD16_eabi.lib : ltoa.c.obj (.text:ltoa)
                  00001162    00000002     startup_ccs.obj (.text:IntDefaultHandler)
                  00001164    00000064     LCD.obj (.text:Lcd_Init)
                  000011c8    0000005c     LCD.obj (.text:Lcd_Write_Char)
                  00001224    00000054     LCD.obj (.text:Lcd_Port)
                  00001278    00000050     PWM.obj (.text:pwm0_start)
                  000012c8    0000004c     rtsv7M4_T_le_v4SPD16_eabi.lib : atoi.c.obj (.text:atoi)
                  00001314    00000048     driverlib.lib : gpio.obj (.text:GPIOPinConfigure)
                  0000135c    00000048                   : hibernate.obj (.text:HibernateClockConfig)
                  000013a4    00000040     LCD.obj (.text:Lcd_Cmd)
                  000013e4    00000040     PWM.obj (.text:pwm0_init)
                  00001424    00000038     Config_State.obj (.text:Config_init)
                  0000145c    00000038     driverlib.lib : sysctl.obj (.text:SysCtlPeripheralReady)
                  00001494    00000034                   : sysctl.obj (.text:SysCtlPeripheralEnable)
                  000014c8    0000002c                   : hibernate.obj (.text:HibernateRTCSet)
                  000014f4    0000002c     rtsv7M4_T_le_v4SPD16_eabi.lib : boot_cortex_m.c.obj (.text:_c_int00_noinit_noargs:_c_int00_noinit_noargs)
                  00001520    0000002a     driverlib.lib : gpio.obj (.text:GPIODirModeSet)
                  0000154a    00000022     PWM.obj (.text:PWMGenConfigure)
                  0000156c    0000001e     PWM.obj (.text:PWMPulseWidthSet)
                  0000158a    00000018     driverlib.lib : gpio.obj (.text:GPIOPinTypeGPIOOutput)
                  000015a2    00000002     startup_ccs.obj (.text:NmiSR)
                  000015a4    00000018     driverlib.lib : hibernate.obj (.text:HibernateIntStatus)
                  000015bc    00000018     LCD.obj (.text:Lcd_Write_String)
                  000015d4    00000018     rtsv7M4_T_le_v4SPD16_eabi.lib : strcmp.c.obj (.text:strcmp)
                  000015ec    00000014     driverlib.lib : hibernate.obj (.text:HibernateEnableExpClk)
                  00001600    00000014                   : hibernate.obj (.text:HibernateIntClear)
                  00001614    00000014                   : hibernate.obj (.text:HibernateRTCEnable)
                  00001628    00000014     rtsv7M4_T_le_v4SPD16_eabi.lib : strcpy.c.obj (.text:strcpy)
                  0000163c    00000012     driverlib.lib : gpio.obj (.text:GPIOPinTypeGPIOInput)
                  0000164e    00000012                   : gpio.obj (.text:GPIOPinTypePWM)
                  00001660    00000012     PWM.obj (.text:PWMGenPeriodGet)
                  00001672    00000012     PWM.obj (.text:PWMOutputState)
                  00001684    00000010     LCD.obj (.text:Lcd_Clear)
                  00001694    00000010     LCD.obj (.text:Lcd_Write_Integer)
                  000016a4    00000010     PWM.obj (.text:PWMGenPeriodSet)
                  000016b4    00000010     driverlib.lib : hibernate.obj (.text:_HibernateWriteComplete)
                  000016c4    00000010     PWM.obj (.text:pwm0_stop)
                  000016d4    0000000c     driverlib.lib : hibernate.obj (.text:HibernateCounterMode)
                  000016e0    0000000c     PWM.obj (.text:PWMGenEnable)
                  000016ec    00000006     driverlib.lib : gpio.obj (.text:GPIOPinRead)
                  000016f2    00000006                   : gpio.obj (.text:GPIOPinWrite)
                  000016f8    00000006     startup_ccs.obj (.text:ResetISR)
                  000016fe    00000006     driverlib.lib : sysctl.obj (.text:SysCtlDelay)
                  00001704    00000004     rtsv7M4_T_le_v4SPD16_eabi.lib : pre_init.c.obj (.text:_system_pre_init)
                  00001708    00000004                                   : exit.c.obj (.text:abort:abort)

.const     0    0000170c    00000200     
                  0000170c    00000101     rtsv7M4_T_le_v4SPD16_eabi.lib : ctype.c.obj (.const:.string:_ctypes_)
                  0000180d    00000003     --HOLE-- [fill = 0]
                  00001810    00000090     driverlib.lib : gpio.obj (.const:g_pui32GPIOBaseAddrs)
                  000018a0    0000006c                   : sysctl.obj (.const:g_pui32Xtals)

.cinit     0    00000000    00000000     UNINITIALIZED

.init_array 
*          0    00000000    00000000     UNINITIALIZED

.stack     0    20000000    00000100     UNINITIALIZED
                  20000000    00000004     rtsv7M4_T_le_v4SPD16_eabi.lib : boot_cortex_m.c.obj (.stack)
                  20000004    000000fc     --HOLE--

__llvm_prf_cnts 
*          0    20000000    00000000     UNINITIALIZED

MODULE SUMMARY

       Module                code   ro data   rw data
       ------                ----   -------   -------
    .\
       Config_State.obj      888    0         0      
       Active_State.obj      876    0         0      
       startup_ccs.obj       12     620       0      
       KEYBOARD.obj          628    0         0      
       LCD.obj               396    0         0      
       project0.obj          376    0         0      
       PWM.obj               288    0         0      
       Init_System.obj       184    0         0      
    +--+---------------------+------+---------+---------+
       Total:                3648   620       0      
                                                     
    C:/ti/tivaware_c_series_2_1_4_178/driverlib/ccs/Debug/driverlib.lib
       sysctl.obj            630    108       0      
       gpio.obj              492    144       0      
       hibernate.obj         228    0         0      
    +--+---------------------+------+---------+---------+
       Total:                1350   252       0      
                                                     
    C:\ti\ccs1100\ccs\tools\compiler\ti-cgt-arm_20.2.5.LTS\lib\rtsv7M4_T_le_v4SPD16_eabi.lib
       ctype.c.obj           0      257       0      
       ltoa.c.obj            110    0         0      
       atoi.c.obj            76     0         0      
       boot_cortex_m.c.obj   44     0         0      
       strcmp.c.obj          24     0         0      
       strcpy.c.obj          20     0         0      
       exit.c.obj            4      0         0      
       pre_init.c.obj        4      0         0      
    +--+---------------------+------+---------+---------+
       Total:                282    257       0      
                                                     
       Stack:                0      0         256    
    +--+---------------------+------+---------+---------+
       Grand Total:          5280   1129      256    


GLOBAL SYMBOLS: SORTED ALPHABETICALLY BY Name 

address   name                   
-------   ----                   
0000026d  Active_state           
00001709  C$$EXIT                
00001425  Config_init            
00001521  GPIODirModeSet         
000009c5  GPIOPadConfigSet       
00001315  GPIOPinConfigure       
000016ed  GPIOPinRead            
0000163d  GPIOPinTypeGPIOInput   
0000158b  GPIOPinTypeGPIOOutput  
0000164f  GPIOPinTypePWM         
000016f3  GPIOPinWrite           
00000e69  Get_Date               
00000db5  Get_Time               
0000135d  HibernateClockConfig   
000016d5  HibernateCounterMode   
000015ed  HibernateEnableExpClk  
00001601  HibernateIntClear      
000015a5  HibernateIntStatus     
00001615  HibernateRTCEnable     
000014c9  HibernateRTCSet        
00001685  Lcd_Clear              
000013a5  Lcd_Cmd                
00001165  Lcd_Init               
00001225  Lcd_Port               
000011c9  Lcd_Write_Char         
00001695  Lcd_Write_Integer      
000015bd  Lcd_Write_String       
0000154b  PWMGenConfigure        
000016e1  PWMGenEnable           
00001661  PWMGenPeriodGet        
000016a5  PWMGenPeriodSet        
00001673  PWMOutputState         
0000156d  PWMPulseWidthSet       
000016f9  ResetISR               
00000fbd  Set_Distance           
0000105d  Set_PIN                
00000f19  Set_Timeout            
00000af9  SysCtlClockGet         
00000c09  SysCtlClockSet         
000016ff  SysCtlDelay            
00001495  SysCtlPeripheralEnable 
0000145d  SysCtlPeripheralReady  
20000100  __STACK_END            
00000100  __STACK_SIZE           
20000100  __STACK_TOP            
ffffffff  __TI_pprof_out_hndl    
ffffffff  __TI_prof_data_size    
ffffffff  __TI_prof_data_start   
00000000  __TI_static_base__     
ffffffff  __binit__              
ffffffff  __c_args__             
UNDEFED   __mpu_init             
20000000  __stack                
20000000  __start___llvm_prf_cnts
20000000  __stop___llvm_prf_cnts 
000014f5  _c_int00_noinit_noargs 
0000170c  _ctypes_               
00001705  _system_pre_init       
00001709  abort                  
000012c9  atoi                   
ffffffff  binit                  
00000000  g_pfnVectors           
00000cfd  init_system            
000005d9  keypadScan             
000010f5  ltoa                   
0000084d  main                   
000013e5  pwm0_init              
00001279  pwm0_start             
000016c5  pwm0_stop              
000015d5  strcmp                 
00001629  strcpy                 


GLOBAL SYMBOLS: SORTED BY Symbol Address 

address   name                   
-------   ----                   
00000000  __TI_static_base__     
00000000  g_pfnVectors           
00000100  __STACK_SIZE           
0000026d  Active_state           
000005d9  keypadScan             
0000084d  main                   
000009c5  GPIOPadConfigSet       
00000af9  SysCtlClockGet         
00000c09  SysCtlClockSet         
00000cfd  init_system            
00000db5  Get_Time               
00000e69  Get_Date               
00000f19  Set_Timeout            
00000fbd  Set_Distance           
0000105d  Set_PIN                
000010f5  ltoa                   
00001165  Lcd_Init               
000011c9  Lcd_Write_Char         
00001225  Lcd_Port               
00001279  pwm0_start             
000012c9  atoi                   
00001315  GPIOPinConfigure       
0000135d  HibernateClockConfig   
000013a5  Lcd_Cmd                
000013e5  pwm0_init              
00001425  Config_init            
0000145d  SysCtlPeripheralReady  
00001495  SysCtlPeripheralEnable 
000014c9  HibernateRTCSet        
000014f5  _c_int00_noinit_noargs 
00001521  GPIODirModeSet         
0000154b  PWMGenConfigure        
0000156d  PWMPulseWidthSet       
0000158b  GPIOPinTypeGPIOOutput  
000015a5  HibernateIntStatus     
000015bd  Lcd_Write_String       
000015d5  strcmp                 
000015ed  HibernateEnableExpClk  
00001601  HibernateIntClear      
00001615  HibernateRTCEnable     
00001629  strcpy                 
0000163d  GPIOPinTypeGPIOInput   
0000164f  GPIOPinTypePWM         
00001661  PWMGenPeriodGet        
00001673  PWMOutputState         
00001685  Lcd_Clear              
00001695  Lcd_Write_Integer      
000016a5  PWMGenPeriodSet        
000016c5  pwm0_stop              
000016d5  HibernateCounterMode   
000016e1  PWMGenEnable           
000016ed  GPIOPinRead            
000016f3  GPIOPinWrite           
000016f9  ResetISR               
000016ff  SysCtlDelay            
00001705  _system_pre_init       
00001709  C$$EXIT                
00001709  abort                  
0000170c  _ctypes_               
20000000  __stack                
20000000  __start___llvm_prf_cnts
20000000  __stop___llvm_prf_cnts 
20000100  __STACK_END            
20000100  __STACK_TOP            
ffffffff  __TI_pprof_out_hndl    
ffffffff  __TI_prof_data_size    
ffffffff  __TI_prof_data_start   
ffffffff  __binit__              
ffffffff  __c_args__             
ffffffff  binit                  
UNDEFED   __mpu_init             

[71 symbols]
