******************************************************************************
                  TI ARM Linker PC v20.2.5                     
******************************************************************************
>> Linked Thu Jan 27 18:16:29 2022

OUTPUT FILE NAME:   <project0.out>
ENTRY POINT SYMBOL: "_c_int00_noargs"  address: 00001b81


MEMORY CONFIGURATION

         name            origin    length      used     unused   attr    fill
----------------------  --------  ---------  --------  --------  ----  --------
  FLASH                 00000000   00040000  000020b2  0003df4e  R  X
  SRAM                  20000000   00008000  00000148  00007eb8  RW X


SEGMENT ALLOCATION MAP

run origin  load origin   length   init length attrs members
----------  ----------- ---------- ----------- ----- -------
00000000    00000000    000020b4   000020b4    r-x
  00000000    00000000    0000026c   0000026c    r-- .intvecs
  0000026c    0000026c    00001c32   00001c32    r-x .text
  00001ea0    00001ea0    00000200   00000200    r-- .const
  000020a0    000020a0    00000014   00000014    r-- .cinit
20000000    20000000    00000148   00000000    rw-
  20000000    20000000    00000100   00000000    rw- .stack
  20000100    20000100    00000048   00000000    rw- .bss


SECTION ALLOCATION MAP

 output                                  attributes/
section   page    origin      length       input sections
--------  ----  ----------  ----------   ----------------
.intvecs   0    00000000    0000026c     
                  00000000    0000026c     startup_ccs.obj (.intvecs)

.text      0    0000026c    00001c32     
                  0000026c    0000032c     Active_State.obj (.text:Active_state)
                  00000598    00000274     KEYBOARD.obj (.text:keypadScan)
                  0000080c    00000140     project0.obj (.text:main)
                  0000094c    00000134     Active_State.obj (.text:update_Trigger_Date_Time)
                  00000a80    00000132     driverlib.lib : gpio.obj (.text:GPIOPadConfigSet)
                  00000bb2    00000002     startup_ccs.obj (.text:FaultISR)
                  00000bb4    0000011c     Active_State.obj (.text:update_Date_Time)
                  00000cd0    00000110     driverlib.lib : sysctl.obj (.text:SysCtlClockGet)
                  00000de0    0000010c     Config_State.obj (.text:Get_Time)
                  00000eec    00000108     Config_State.obj (.text:Get_Date)
                  00000ff4    000000f4     driverlib.lib : sysctl.obj (.text:SysCtlClockSet)
                  000010e8    000000d8     Config_State.obj (.text:Set_Timeout)
                  000011c0    000000d0     Init_System.obj (.text:init_system)
                  00001290    000000b4     Config_State.obj (.text:Set_Distance)
                  00001344    000000a4     Config_State.obj (.text:Set_PIN)
                  000013e8    00000094     Config_State.obj (.text:DateTimeSet)
                  0000147c    00000094     Active_State.obj (.text:check_PIN)
                  00001510    00000088     I2C_Sensor.obj (.text:get_value_sonar)
                  00001598    00000081     Active_State.obj (.text:alarm_Triggered)
                  00001619    00000001     --HOLE-- [fill = 0]
                  0000161a    00000002     startup_ccs.obj (.text:IntDefaultHandler)
                  0000161c    00000078     I2C_Sensor.obj (.text:start_I2C)
                  00001694    00000070     Active_State.obj (.text:show_Trigger_Date_Time)
                  00001704    0000006e     rtsv7M4_T_le_v4SPD16_eabi.lib : ltoa.c.obj (.text:ltoa)
                  00001772    00000002     startup_ccs.obj (.text:NmiSR)
                  00001774    00000064     LCD.obj (.text:Lcd_Init)
                  000017d8    0000005c     LCD.obj (.text:Lcd_Write_Char)
                  00001834    00000054     LCD.obj (.text:Lcd_Port)
                  00001888    00000050     driverlib.lib : sysctl.obj (.text:SysCtlPeripheralReset)
                  000018d8    00000050     PWM.obj (.text:pwm0_start)
                  00001928    0000004c     driverlib.lib : i2c.obj (.text:I2CMasterInitExpClk)
                  00001974    0000004c     rtsv7M4_T_le_v4SPD16_eabi.lib : atoi.c.obj (.text:atoi)
                  000019c0    00000048     driverlib.lib : gpio.obj (.text:GPIOPinConfigure)
                  00001a08    00000048                   : hibernate.obj (.text:HibernateClockConfig)
                  00001a50    00000044     rtsv7M4_T_le_v4SPD16_eabi.lib : autoinit.c.obj (.text:__TI_auto_init_nobinit_nopinit:__TI_auto_init_nobinit_nopinit)
                  00001a94    00000040     LCD.obj (.text:Lcd_Cmd)
                  00001ad4    00000040     PWM.obj (.text:pwm0_init)
                  00001b14    00000038     driverlib.lib : sysctl.obj (.text:SysCtlPeripheralReady)
                  00001b4c    00000034                   : sysctl.obj (.text:SysCtlPeripheralEnable)
                  00001b80    00000034     rtsv7M4_T_le_v4SPD16_eabi.lib : boot_cortex_m.c.obj (.text:_c_int00_noargs:_c_int00_noargs)
                  00001bb4    00000030     I2C_Sensor.obj (.text:measure_sonar)
                  00001be4    0000002c     driverlib.lib : hibernate.obj (.text:HibernateRTCSet)
                  00001c10    0000002a                   : gpio.obj (.text:GPIODirModeSet)
                  00001c3a    00000022     LCD.obj (.text:Lcd_Write_Integer2)
                  00001c5c    00000022     LCD.obj (.text:Lcd_Write_Integer)
                  00001c7e    00000022     PWM.obj (.text:PWMGenConfigure)
                  00001ca0    0000001e     PWM.obj (.text:PWMPulseWidthSet)
                  00001cbe    0000001c     rtsv7M4_T_le_v4SPD16_eabi.lib : copy_zero_init.c.obj (.text:decompress:ZI:__TI_zero_init_nomemset:__TI_zero_init_nomemset)
                  00001cda    00000018     driverlib.lib : gpio.obj (.text:GPIOPinTypeGPIOOutput)
                  00001cf2    00000002     --HOLE-- [fill = 0]
                  00001cf4    00000018                   : hibernate.obj (.text:HibernateIntStatus)
                  00001d0c    00000018     LCD.obj (.text:Lcd_Write_String)
                  00001d24    00000014     driverlib.lib : hibernate.obj (.text:HibernateEnableExpClk)
                  00001d38    00000014                   : hibernate.obj (.text:HibernateIntClear)
                  00001d4c    00000014                   : hibernate.obj (.text:HibernateRTCEnable)
                  00001d60    00000014     LCD.obj (.text:Lcd_Write_String2)
                  00001d74    00000014     rtsv7M4_T_le_v4SPD16_eabi.lib : strcpy.c.obj (.text:strcpy)
                  00001d88    00000012     driverlib.lib : gpio.obj (.text:GPIOPinTypeGPIOInput)
                  00001d9a    00000012                   : gpio.obj (.text:GPIOPinTypeI2C)
                  00001dac    00000012                   : gpio.obj (.text:GPIOPinTypeI2CSCL)
                  00001dbe    00000012                   : gpio.obj (.text:GPIOPinTypePWM)
                  00001dd0    00000012     PWM.obj (.text:PWMGenPeriodGet)
                  00001de2    00000012     PWM.obj (.text:PWMOutputState)
                  00001df4    00000010     LCD.obj (.text:Lcd_Clear)
                  00001e04    00000010     PWM.obj (.text:PWMGenPeriodSet)
                  00001e14    00000010     driverlib.lib : hibernate.obj (.text:_HibernateWriteComplete)
                  00001e24    00000010     PWM.obj (.text:pwm0_stop)
                  00001e34    0000000c     driverlib.lib : hibernate.obj (.text:HibernateCounterMode)
                  00001e40    0000000c                   : hibernate.obj (.text:HibernateRTCGet)
                  00001e4c    0000000c     PWM.obj (.text:PWMGenEnable)
                  00001e58    0000000a     driverlib.lib : i2c.obj (.text:I2CMasterEnable)
                  00001e62    00000008                   : i2c.obj (.text:I2CMasterBusy)
                  00001e6a    00000008                   : i2c.obj (.text:I2CMasterSlaveAddrSet)
                  00001e72    00000006                   : gpio.obj (.text:GPIOPinRead)
                  00001e78    00000006                   : gpio.obj (.text:GPIOPinWrite)
                  00001e7e    00000006     startup_ccs.obj (.text:ResetISR)
                  00001e84    00000006     driverlib.lib : sysctl.obj (.text:SysCtlDelay)
                  00001e8a    00000004                   : i2c.obj (.text:I2CMasterControl)
                  00001e8e    00000004                   : i2c.obj (.text:I2CMasterDataGet)
                  00001e92    00000004                   : i2c.obj (.text:I2CMasterDataPut)
                  00001e96    00000004     rtsv7M4_T_le_v4SPD16_eabi.lib : pre_init.c.obj (.text:_system_pre_init)
                  00001e9a    00000004                                   : exit.c.obj (.text:abort:abort)

.const     0    00001ea0    00000200     
                  00001ea0    00000101     rtsv7M4_T_le_v4SPD16_eabi.lib : ctype.c.obj (.const:.string:_ctypes_)
                  00001fa1    00000003     --HOLE-- [fill = 0]
                  00001fa4    00000090     driverlib.lib : gpio.obj (.const:g_pui32GPIOBaseAddrs)
                  00002034    0000006c                   : sysctl.obj (.const:g_pui32Xtals)

.cinit     0    000020a0    00000014     
                  000020a0    00000008     (.cinit..bss.load) [load image, compression = zero_init]
                  000020a8    00000004     (__TI_handler_table)
                  000020ac    00000008     (__TI_cinit_table)

.init_array 
*          0    00000000    00000000     UNINITIALIZED

.bss       0    20000100    00000048     UNINITIALIZED
                  20000100    00000024     (.common:sTime)
                  20000124    00000024     (.common:sTrigger)

.stack     0    20000000    00000100     UNINITIALIZED
                  20000000    00000004     rtsv7M4_T_le_v4SPD16_eabi.lib : boot_cortex_m.c.obj (.stack)
                  20000004    000000fc     --HOLE--

__llvm_prf_cnts 
*          0    20000000    00000000     UNINITIALIZED

MODULE SUMMARY

       Module                 code   ro data   rw data
       ------                 ----   -------   -------
    .\
       Active_State.obj       1793   0         72     
       Config_State.obj       1240   0         0      
       startup_ccs.obj        12     620       0      
       KEYBOARD.obj           628    0         0      
       LCD.obj                468    0         0      
       project0.obj           320    0         0      
       I2C_Sensor.obj         304    0         0      
       PWM.obj                288    0         0      
       Init_System.obj        208    0         0      
    +--+----------------------+------+---------+---------+
       Total:                 5261   620       72     
                                                      
    C:/ti/tivaware_c_series_2_1_4_178/driverlib/ccs/Debug/driverlib.lib
       sysctl.obj             710    108       0      
       gpio.obj               528    144       0      
       hibernate.obj          240    0         0      
       i2c.obj                114    0         0      
    +--+----------------------+------+---------+---------+
       Total:                 1592   252       0      
                                                      
    C:\ti\ccs1100\ccs\tools\compiler\ti-cgt-arm_20.2.5.LTS\lib\rtsv7M4_T_le_v4SPD16_eabi.lib
       ctype.c.obj            0      257       0      
       ltoa.c.obj             110    0         0      
       atoi.c.obj             76     0         0      
       autoinit.c.obj         68     0         0      
       boot_cortex_m.c.obj    52     0         0      
       copy_zero_init.c.obj   28     0         0      
       strcpy.c.obj           20     0         0      
       exit.c.obj             4      0         0      
       pre_init.c.obj         4      0         0      
    +--+----------------------+------+---------+---------+
       Total:                 362    257       0      
                                                      
       Stack:                 0      0         256    
       Linker Generated:      0      20        0      
    +--+----------------------+------+---------+---------+
       Grand Total:           7215   1149      328    


LINKER GENERATED COPY TABLES

__TI_cinit_table @ 000020ac records: 1, size/record: 8, table size: 8
	.bss: load addr=000020a0, load size=00000008 bytes, run addr=20000100, run size=00000048 bytes, compression=zero_init


LINKER GENERATED HANDLER TABLE

__TI_handler_table @ 000020a8 records: 1, size/record: 4, table size: 4
	index: 0, handler: __TI_zero_init


GLOBAL SYMBOLS: SORTED ALPHABETICALLY BY Name 

address   name                          
-------   ----                          
0000026d  Active_state                  
00001e9b  C$$EXIT                       
000013e9  DateTimeSet                   
00001c11  GPIODirModeSet                
00000a81  GPIOPadConfigSet              
000019c1  GPIOPinConfigure              
00001e73  GPIOPinRead                   
00001d89  GPIOPinTypeGPIOInput          
00001cdb  GPIOPinTypeGPIOOutput         
00001d9b  GPIOPinTypeI2C                
00001dad  GPIOPinTypeI2CSCL             
00001dbf  GPIOPinTypePWM                
00001e79  GPIOPinWrite                  
00000eed  Get_Date                      
00000de1  Get_Time                      
00001a09  HibernateClockConfig          
00001e35  HibernateCounterMode          
00001d25  HibernateEnableExpClk         
00001d39  HibernateIntClear             
00001cf5  HibernateIntStatus            
00001d4d  HibernateRTCEnable            
00001e41  HibernateRTCGet               
00001be5  HibernateRTCSet               
00001e63  I2CMasterBusy                 
00001e8b  I2CMasterControl              
00001e8f  I2CMasterDataGet              
00001e93  I2CMasterDataPut              
00001e59  I2CMasterEnable               
00001929  I2CMasterInitExpClk           
00001e6b  I2CMasterSlaveAddrSet         
00001df5  Lcd_Clear                     
00001a95  Lcd_Cmd                       
00001775  Lcd_Init                      
00001835  Lcd_Port                      
000017d9  Lcd_Write_Char                
00001c5d  Lcd_Write_Integer             
00001c3b  Lcd_Write_Integer2            
00001d0d  Lcd_Write_String              
00001d61  Lcd_Write_String2             
00001c7f  PWMGenConfigure               
00001e4d  PWMGenEnable                  
00001dd1  PWMGenPeriodGet               
00001e05  PWMGenPeriodSet               
00001de3  PWMOutputState                
00001ca1  PWMPulseWidthSet              
00001e7f  ResetISR                      
00001291  Set_Distance                  
00001345  Set_PIN                       
000010e9  Set_Timeout                   
00000cd1  SysCtlClockGet                
00000ff5  SysCtlClockSet                
00001e85  SysCtlDelay                   
00001b4d  SysCtlPeripheralEnable        
00001b15  SysCtlPeripheralReady         
00001889  SysCtlPeripheralReset         
20000100  __STACK_END                   
00000100  __STACK_SIZE                  
20000100  __STACK_TOP                   
000020ac  __TI_CINIT_Base               
000020b4  __TI_CINIT_Limit              
000020a8  __TI_Handler_Table_Base       
000020ac  __TI_Handler_Table_Limit      
00001a51  __TI_auto_init_nobinit_nopinit
ffffffff  __TI_pprof_out_hndl           
ffffffff  __TI_prof_data_size           
ffffffff  __TI_prof_data_start          
00000000  __TI_static_base__            
00001cbf  __TI_zero_init_nomemset       
ffffffff  __binit__                     
ffffffff  __c_args__                    
UNDEFED   __mpu_init                    
20000000  __stack                       
20000000  __start___llvm_prf_cnts       
20000000  __stop___llvm_prf_cnts        
00001b81  _c_int00_noargs               
00001ea0  _ctypes_                      
UNDEFED   _system_post_cinit            
00001e97  _system_pre_init              
00001e9b  abort                         
00001599  alarm_Triggered               
00001975  atoi                          
ffffffff  binit                         
0000147d  check_PIN                     
00000000  g_pfnVectors                  
00001511  get_value_sonar               
000011c1  init_system                   
00000599  keypadScan                    
00001705  ltoa                          
0000080d  main                          
00001bb5  measure_sonar                 
00001ad5  pwm0_init                     
000018d9  pwm0_start                    
00001e25  pwm0_stop                     
20000100  sTime                         
20000124  sTrigger                      
00001695  show_Trigger_Date_Time        
0000161d  start_I2C                     
00001d75  strcpy                        
00000bb5  update_Date_Time              
0000094d  update_Trigger_Date_Time      


GLOBAL SYMBOLS: SORTED BY Symbol Address 

address   name                          
-------   ----                          
00000000  __TI_static_base__            
00000000  g_pfnVectors                  
00000100  __STACK_SIZE                  
0000026d  Active_state                  
00000599  keypadScan                    
0000080d  main                          
0000094d  update_Trigger_Date_Time      
00000a81  GPIOPadConfigSet              
00000bb5  update_Date_Time              
00000cd1  SysCtlClockGet                
00000de1  Get_Time                      
00000eed  Get_Date                      
00000ff5  SysCtlClockSet                
000010e9  Set_Timeout                   
000011c1  init_system                   
00001291  Set_Distance                  
00001345  Set_PIN                       
000013e9  DateTimeSet                   
0000147d  check_PIN                     
00001511  get_value_sonar               
00001599  alarm_Triggered               
0000161d  start_I2C                     
00001695  show_Trigger_Date_Time        
00001705  ltoa                          
00001775  Lcd_Init                      
000017d9  Lcd_Write_Char                
00001835  Lcd_Port                      
00001889  SysCtlPeripheralReset         
000018d9  pwm0_start                    
00001929  I2CMasterInitExpClk           
00001975  atoi                          
000019c1  GPIOPinConfigure              
00001a09  HibernateClockConfig          
00001a51  __TI_auto_init_nobinit_nopinit
00001a95  Lcd_Cmd                       
00001ad5  pwm0_init                     
00001b15  SysCtlPeripheralReady         
00001b4d  SysCtlPeripheralEnable        
00001b81  _c_int00_noargs               
00001bb5  measure_sonar                 
00001be5  HibernateRTCSet               
00001c11  GPIODirModeSet                
00001c3b  Lcd_Write_Integer2            
00001c5d  Lcd_Write_Integer             
00001c7f  PWMGenConfigure               
00001ca1  PWMPulseWidthSet              
00001cbf  __TI_zero_init_nomemset       
00001cdb  GPIOPinTypeGPIOOutput         
00001cf5  HibernateIntStatus            
00001d0d  Lcd_Write_String              
00001d25  HibernateEnableExpClk         
00001d39  HibernateIntClear             
00001d4d  HibernateRTCEnable            
00001d61  Lcd_Write_String2             
00001d75  strcpy                        
00001d89  GPIOPinTypeGPIOInput          
00001d9b  GPIOPinTypeI2C                
00001dad  GPIOPinTypeI2CSCL             
00001dbf  GPIOPinTypePWM                
00001dd1  PWMGenPeriodGet               
00001de3  PWMOutputState                
00001df5  Lcd_Clear                     
00001e05  PWMGenPeriodSet               
00001e25  pwm0_stop                     
00001e35  HibernateCounterMode          
00001e41  HibernateRTCGet               
00001e4d  PWMGenEnable                  
00001e59  I2CMasterEnable               
00001e63  I2CMasterBusy                 
00001e6b  I2CMasterSlaveAddrSet         
00001e73  GPIOPinRead                   
00001e79  GPIOPinWrite                  
00001e7f  ResetISR                      
00001e85  SysCtlDelay                   
00001e8b  I2CMasterControl              
00001e8f  I2CMasterDataGet              
00001e93  I2CMasterDataPut              
00001e97  _system_pre_init              
00001e9b  C$$EXIT                       
00001e9b  abort                         
00001ea0  _ctypes_                      
000020a8  __TI_Handler_Table_Base       
000020ac  __TI_CINIT_Base               
000020ac  __TI_Handler_Table_Limit      
000020b4  __TI_CINIT_Limit              
20000000  __stack                       
20000000  __start___llvm_prf_cnts       
20000000  __stop___llvm_prf_cnts        
20000100  __STACK_END                   
20000100  __STACK_TOP                   
20000100  sTime                         
20000124  sTrigger                      
ffffffff  __TI_pprof_out_hndl           
ffffffff  __TI_prof_data_size           
ffffffff  __TI_prof_data_start          
ffffffff  __binit__                     
ffffffff  __c_args__                    
ffffffff  binit                         
UNDEFED   __mpu_init                    
UNDEFED   _system_post_cinit            

[100 symbols]
