******************************************************************************
                  TI ARM Linker PC v20.2.5                     
******************************************************************************
>> Linked Thu Jan 27 17:20:40 2022

OUTPUT FILE NAME:   <project0.out>
ENTRY POINT SYMBOL: "_c_int00_noargs"  address: 00001b61


MEMORY CONFIGURATION

         name            origin    length      used     unused   attr    fill
----------------------  --------  ---------  --------  --------  ----  --------
  FLASH                 00000000   00040000  00002092  0003df6e  R  X
  SRAM                  20000000   00008000  00000148  00007eb8  RW X


SEGMENT ALLOCATION MAP

run origin  load origin   length   init length attrs members
----------  ----------- ---------- ----------- ----- -------
00000000    00000000    00002094   00002094    r-x
  00000000    00000000    0000026c   0000026c    r-- .intvecs
  0000026c    0000026c    00001c12   00001c12    r-x .text
  00001e80    00001e80    00000200   00000200    r-- .const
  00002080    00002080    00000014   00000014    r-- .cinit
20000000    20000000    00000148   00000000    rw-
  20000000    20000000    00000100   00000000    rw- .stack
  20000100    20000100    00000048   00000000    rw- .bss


SECTION ALLOCATION MAP

 output                                  attributes/
section   page    origin      length       input sections
--------  ----  ----------  ----------   ----------------
.intvecs   0    00000000    0000026c     
                  00000000    0000026c     startup_ccs.obj (.intvecs)

.text      0    0000026c    00001c12     
                  0000026c    00000334     Active_State.obj (.text:Active_state)
                  000005a0    00000274     KEYBOARD.obj (.text:keypadScan)
                  00000814    00000140     project0.obj (.text:main)
                  00000954    00000134     Active_State.obj (.text:update_Trigger_Date_Time)
                  00000a88    00000132     driverlib.lib : gpio.obj (.text:GPIOPadConfigSet)
                  00000bba    00000002     startup_ccs.obj (.text:FaultISR)
                  00000bbc    0000011c     Active_State.obj (.text:update_Date_Time)
                  00000cd8    00000110     driverlib.lib : sysctl.obj (.text:SysCtlClockGet)
                  00000de8    0000010c     Config_State.obj (.text:Get_Time)
                  00000ef4    00000108     Config_State.obj (.text:Get_Date)
                  00000ffc    000000f4     driverlib.lib : sysctl.obj (.text:SysCtlClockSet)
                  000010f0    000000d8     Config_State.obj (.text:Set_Timeout)
                  000011c8    000000d0     Init_System.obj (.text:init_system)
                  00001298    000000b4     Config_State.obj (.text:Set_Distance)
                  0000134c    000000a4     Config_State.obj (.text:Set_PIN)
                  000013f0    00000094     Config_State.obj (.text:DateTimeSet)
                  00001484    00000094     Active_State.obj (.text:check_PIN)
                  00001518    00000081     Active_State.obj (.text:alarm_Triggered)
                  00001599    00000001     --HOLE-- [fill = 0]
                  0000159a    00000002     startup_ccs.obj (.text:IntDefaultHandler)
                  0000159c    00000078     I2C_Sensor.obj (.text:start_I2C)
                  00001614    00000070     Active_State.obj (.text:show_Trigger_Date_Time)
                  00001684    0000006e     rtsv7M4_T_le_v4SPD16_eabi.lib : ltoa.c.obj (.text:ltoa)
                  000016f2    00000002     startup_ccs.obj (.text:NmiSR)
                  000016f4    00000064     LCD.obj (.text:Lcd_Init)
                  00001758    00000060     I2C_Sensor.obj (.text:get_value_sonar)
                  000017b8    0000005c     LCD.obj (.text:Lcd_Write_Char)
                  00001814    00000054     LCD.obj (.text:Lcd_Port)
                  00001868    00000050     driverlib.lib : sysctl.obj (.text:SysCtlPeripheralReset)
                  000018b8    00000050     PWM.obj (.text:pwm0_start)
                  00001908    0000004c     driverlib.lib : i2c.obj (.text:I2CMasterInitExpClk)
                  00001954    0000004c     rtsv7M4_T_le_v4SPD16_eabi.lib : atoi.c.obj (.text:atoi)
                  000019a0    00000048     driverlib.lib : gpio.obj (.text:GPIOPinConfigure)
                  000019e8    00000048                   : hibernate.obj (.text:HibernateClockConfig)
                  00001a30    00000044     rtsv7M4_T_le_v4SPD16_eabi.lib : autoinit.c.obj (.text:__TI_auto_init_nobinit_nopinit:__TI_auto_init_nobinit_nopinit)
                  00001a74    00000040     LCD.obj (.text:Lcd_Cmd)
                  00001ab4    00000040     PWM.obj (.text:pwm0_init)
                  00001af4    00000038     driverlib.lib : sysctl.obj (.text:SysCtlPeripheralReady)
                  00001b2c    00000034                   : sysctl.obj (.text:SysCtlPeripheralEnable)
                  00001b60    00000034     rtsv7M4_T_le_v4SPD16_eabi.lib : boot_cortex_m.c.obj (.text:_c_int00_noargs:_c_int00_noargs)
                  00001b94    00000030     I2C_Sensor.obj (.text:measure_sonar)
                  00001bc4    0000002c     driverlib.lib : hibernate.obj (.text:HibernateRTCSet)
                  00001bf0    0000002a                   : gpio.obj (.text:GPIODirModeSet)
                  00001c1a    00000022     LCD.obj (.text:Lcd_Write_Integer2)
                  00001c3c    00000022     LCD.obj (.text:Lcd_Write_Integer)
                  00001c5e    00000022     PWM.obj (.text:PWMGenConfigure)
                  00001c80    0000001e     PWM.obj (.text:PWMPulseWidthSet)
                  00001c9e    0000001c     rtsv7M4_T_le_v4SPD16_eabi.lib : copy_zero_init.c.obj (.text:decompress:ZI:__TI_zero_init_nomemset:__TI_zero_init_nomemset)
                  00001cba    00000018     driverlib.lib : gpio.obj (.text:GPIOPinTypeGPIOOutput)
                  00001cd2    00000002     --HOLE-- [fill = 0]
                  00001cd4    00000018                   : hibernate.obj (.text:HibernateIntStatus)
                  00001cec    00000018     LCD.obj (.text:Lcd_Write_String)
                  00001d04    00000014     driverlib.lib : hibernate.obj (.text:HibernateEnableExpClk)
                  00001d18    00000014                   : hibernate.obj (.text:HibernateIntClear)
                  00001d2c    00000014                   : hibernate.obj (.text:HibernateRTCEnable)
                  00001d40    00000014     LCD.obj (.text:Lcd_Write_String2)
                  00001d54    00000014     rtsv7M4_T_le_v4SPD16_eabi.lib : strcpy.c.obj (.text:strcpy)
                  00001d68    00000012     driverlib.lib : gpio.obj (.text:GPIOPinTypeGPIOInput)
                  00001d7a    00000012                   : gpio.obj (.text:GPIOPinTypeI2C)
                  00001d8c    00000012                   : gpio.obj (.text:GPIOPinTypeI2CSCL)
                  00001d9e    00000012                   : gpio.obj (.text:GPIOPinTypePWM)
                  00001db0    00000012     PWM.obj (.text:PWMGenPeriodGet)
                  00001dc2    00000012     PWM.obj (.text:PWMOutputState)
                  00001dd4    00000010     LCD.obj (.text:Lcd_Clear)
                  00001de4    00000010     PWM.obj (.text:PWMGenPeriodSet)
                  00001df4    00000010     driverlib.lib : hibernate.obj (.text:_HibernateWriteComplete)
                  00001e04    00000010     PWM.obj (.text:pwm0_stop)
                  00001e14    0000000c     driverlib.lib : hibernate.obj (.text:HibernateCounterMode)
                  00001e20    0000000c                   : hibernate.obj (.text:HibernateRTCGet)
                  00001e2c    0000000c     PWM.obj (.text:PWMGenEnable)
                  00001e38    0000000a     driverlib.lib : i2c.obj (.text:I2CMasterEnable)
                  00001e42    00000008                   : i2c.obj (.text:I2CMasterBusy)
                  00001e4a    00000008                   : i2c.obj (.text:I2CMasterSlaveAddrSet)
                  00001e52    00000006                   : gpio.obj (.text:GPIOPinRead)
                  00001e58    00000006                   : gpio.obj (.text:GPIOPinWrite)
                  00001e5e    00000006     startup_ccs.obj (.text:ResetISR)
                  00001e64    00000006     driverlib.lib : sysctl.obj (.text:SysCtlDelay)
                  00001e6a    00000004                   : i2c.obj (.text:I2CMasterControl)
                  00001e6e    00000004                   : i2c.obj (.text:I2CMasterDataGet)
                  00001e72    00000004                   : i2c.obj (.text:I2CMasterDataPut)
                  00001e76    00000004     rtsv7M4_T_le_v4SPD16_eabi.lib : pre_init.c.obj (.text:_system_pre_init)
                  00001e7a    00000004                                   : exit.c.obj (.text:abort:abort)

.const     0    00001e80    00000200     
                  00001e80    00000101     rtsv7M4_T_le_v4SPD16_eabi.lib : ctype.c.obj (.const:.string:_ctypes_)
                  00001f81    00000003     --HOLE-- [fill = 0]
                  00001f84    00000090     driverlib.lib : gpio.obj (.const:g_pui32GPIOBaseAddrs)
                  00002014    0000006c                   : sysctl.obj (.const:g_pui32Xtals)

.cinit     0    00002080    00000014     
                  00002080    00000008     (.cinit..bss.load) [load image, compression = zero_init]
                  00002088    00000004     (__TI_handler_table)
                  0000208c    00000008     (__TI_cinit_table)

.init_array 
*          0    00000000    00000000     UNINITIALIZED

.bss       0    20000100    00000048     UNINITIALIZED
                  20000100    00000024     (.common:sTime)
                  20000124    00000024     (.common:sTrigger)

.stack     0    20000000    00000100     UNINITIALIZED
                  20000000    00000004     rtsv7M4_T_le_v4SPD16_eabi.lib : boot_cortex_m.c.obj (.stack)
                  20000004    000000fc     --HOLE--

__llvm_prf_cnts 
*          0    20000000    00000000     UNINITIALIZED

MODULE SUMMARY

       Module                 code   ro data   rw data
       ------                 ----   -------   -------
    .\
       Active_State.obj       1801   0         72     
       Config_State.obj       1240   0         0      
       startup_ccs.obj        12     620       0      
       KEYBOARD.obj           628    0         0      
       LCD.obj                468    0         0      
       project0.obj           320    0         0      
       PWM.obj                288    0         0      
       I2C_Sensor.obj         264    0         0      
       Init_System.obj        208    0         0      
    +--+----------------------+------+---------+---------+
       Total:                 5229   620       72     
                                                      
    C:/ti/tivaware_c_series_2_1_4_178/driverlib/ccs/Debug/driverlib.lib
       sysctl.obj             710    108       0      
       gpio.obj               528    144       0      
       hibernate.obj          240    0         0      
       i2c.obj                114    0         0      
    +--+----------------------+------+---------+---------+
       Total:                 1592   252       0      
                                                      
    C:\ti\ccs1100\ccs\tools\compiler\ti-cgt-arm_20.2.5.LTS\lib\rtsv7M4_T_le_v4SPD16_eabi.lib
       ctype.c.obj            0      257       0      
       ltoa.c.obj             110    0         0      
       atoi.c.obj             76     0         0      
       autoinit.c.obj         68     0         0      
       boot_cortex_m.c.obj    52     0         0      
       copy_zero_init.c.obj   28     0         0      
       strcpy.c.obj           20     0         0      
       exit.c.obj             4      0         0      
       pre_init.c.obj         4      0         0      
    +--+----------------------+------+---------+---------+
       Total:                 362    257       0      
                                                      
       Stack:                 0      0         256    
       Linker Generated:      0      20        0      
    +--+----------------------+------+---------+---------+
       Grand Total:           7183   1149      328    


LINKER GENERATED COPY TABLES

__TI_cinit_table @ 0000208c records: 1, size/record: 8, table size: 8
	.bss: load addr=00002080, load size=00000008 bytes, run addr=20000100, run size=00000048 bytes, compression=zero_init


LINKER GENERATED HANDLER TABLE

__TI_handler_table @ 00002088 records: 1, size/record: 4, table size: 4
	index: 0, handler: __TI_zero_init


GLOBAL SYMBOLS: SORTED ALPHABETICALLY BY Name 

address   name                          
-------   ----                          
0000026d  Active_state                  
00001e7b  C$$EXIT                       
000013f1  DateTimeSet                   
00001bf1  GPIODirModeSet                
00000a89  GPIOPadConfigSet              
000019a1  GPIOPinConfigure              
00001e53  GPIOPinRead                   
00001d69  GPIOPinTypeGPIOInput          
00001cbb  GPIOPinTypeGPIOOutput         
00001d7b  GPIOPinTypeI2C                
00001d8d  GPIOPinTypeI2CSCL             
00001d9f  GPIOPinTypePWM                
00001e59  GPIOPinWrite                  
00000ef5  Get_Date                      
00000de9  Get_Time                      
000019e9  HibernateClockConfig          
00001e15  HibernateCounterMode          
00001d05  HibernateEnableExpClk         
00001d19  HibernateIntClear             
00001cd5  HibernateIntStatus            
00001d2d  HibernateRTCEnable            
00001e21  HibernateRTCGet               
00001bc5  HibernateRTCSet               
00001e43  I2CMasterBusy                 
00001e6b  I2CMasterControl              
00001e6f  I2CMasterDataGet              
00001e73  I2CMasterDataPut              
00001e39  I2CMasterEnable               
00001909  I2CMasterInitExpClk           
00001e4b  I2CMasterSlaveAddrSet         
00001dd5  Lcd_Clear                     
00001a75  Lcd_Cmd                       
000016f5  Lcd_Init                      
00001815  Lcd_Port                      
000017b9  Lcd_Write_Char                
00001c3d  Lcd_Write_Integer             
00001c1b  Lcd_Write_Integer2            
00001ced  Lcd_Write_String              
00001d41  Lcd_Write_String2             
00001c5f  PWMGenConfigure               
00001e2d  PWMGenEnable                  
00001db1  PWMGenPeriodGet               
00001de5  PWMGenPeriodSet               
00001dc3  PWMOutputState                
00001c81  PWMPulseWidthSet              
00001e5f  ResetISR                      
00001299  Set_Distance                  
0000134d  Set_PIN                       
000010f1  Set_Timeout                   
00000cd9  SysCtlClockGet                
00000ffd  SysCtlClockSet                
00001e65  SysCtlDelay                   
00001b2d  SysCtlPeripheralEnable        
00001af5  SysCtlPeripheralReady         
00001869  SysCtlPeripheralReset         
20000100  __STACK_END                   
00000100  __STACK_SIZE                  
20000100  __STACK_TOP                   
0000208c  __TI_CINIT_Base               
00002094  __TI_CINIT_Limit              
00002088  __TI_Handler_Table_Base       
0000208c  __TI_Handler_Table_Limit      
00001a31  __TI_auto_init_nobinit_nopinit
ffffffff  __TI_pprof_out_hndl           
ffffffff  __TI_prof_data_size           
ffffffff  __TI_prof_data_start          
00000000  __TI_static_base__            
00001c9f  __TI_zero_init_nomemset       
ffffffff  __binit__                     
ffffffff  __c_args__                    
UNDEFED   __mpu_init                    
20000000  __stack                       
20000000  __start___llvm_prf_cnts       
20000000  __stop___llvm_prf_cnts        
00001b61  _c_int00_noargs               
00001e80  _ctypes_                      
UNDEFED   _system_post_cinit            
00001e77  _system_pre_init              
00001e7b  abort                         
00001519  alarm_Triggered               
00001955  atoi                          
ffffffff  binit                         
00001485  check_PIN                     
00000000  g_pfnVectors                  
00001759  get_value_sonar               
000011c9  init_system                   
000005a1  keypadScan                    
00001685  ltoa                          
00000815  main                          
00001b95  measure_sonar                 
00001ab5  pwm0_init                     
000018b9  pwm0_start                    
00001e05  pwm0_stop                     
20000100  sTime                         
20000124  sTrigger                      
00001615  show_Trigger_Date_Time        
0000159d  start_I2C                     
00001d55  strcpy                        
00000bbd  update_Date_Time              
00000955  update_Trigger_Date_Time      


GLOBAL SYMBOLS: SORTED BY Symbol Address 

address   name                          
-------   ----                          
00000000  __TI_static_base__            
00000000  g_pfnVectors                  
00000100  __STACK_SIZE                  
0000026d  Active_state                  
000005a1  keypadScan                    
00000815  main                          
00000955  update_Trigger_Date_Time      
00000a89  GPIOPadConfigSet              
00000bbd  update_Date_Time              
00000cd9  SysCtlClockGet                
00000de9  Get_Time                      
00000ef5  Get_Date                      
00000ffd  SysCtlClockSet                
000010f1  Set_Timeout                   
000011c9  init_system                   
00001299  Set_Distance                  
0000134d  Set_PIN                       
000013f1  DateTimeSet                   
00001485  check_PIN                     
00001519  alarm_Triggered               
0000159d  start_I2C                     
00001615  show_Trigger_Date_Time        
00001685  ltoa                          
000016f5  Lcd_Init                      
00001759  get_value_sonar               
000017b9  Lcd_Write_Char                
00001815  Lcd_Port                      
00001869  SysCtlPeripheralReset         
000018b9  pwm0_start                    
00001909  I2CMasterInitExpClk           
00001955  atoi                          
000019a1  GPIOPinConfigure              
000019e9  HibernateClockConfig          
00001a31  __TI_auto_init_nobinit_nopinit
00001a75  Lcd_Cmd                       
00001ab5  pwm0_init                     
00001af5  SysCtlPeripheralReady         
00001b2d  SysCtlPeripheralEnable        
00001b61  _c_int00_noargs               
00001b95  measure_sonar                 
00001bc5  HibernateRTCSet               
00001bf1  GPIODirModeSet                
00001c1b  Lcd_Write_Integer2            
00001c3d  Lcd_Write_Integer             
00001c5f  PWMGenConfigure               
00001c81  PWMPulseWidthSet              
00001c9f  __TI_zero_init_nomemset       
00001cbb  GPIOPinTypeGPIOOutput         
00001cd5  HibernateIntStatus            
00001ced  Lcd_Write_String              
00001d05  HibernateEnableExpClk         
00001d19  HibernateIntClear             
00001d2d  HibernateRTCEnable            
00001d41  Lcd_Write_String2             
00001d55  strcpy                        
00001d69  GPIOPinTypeGPIOInput          
00001d7b  GPIOPinTypeI2C                
00001d8d  GPIOPinTypeI2CSCL             
00001d9f  GPIOPinTypePWM                
00001db1  PWMGenPeriodGet               
00001dc3  PWMOutputState                
00001dd5  Lcd_Clear                     
00001de5  PWMGenPeriodSet               
00001e05  pwm0_stop                     
00001e15  HibernateCounterMode          
00001e21  HibernateRTCGet               
00001e2d  PWMGenEnable                  
00001e39  I2CMasterEnable               
00001e43  I2CMasterBusy                 
00001e4b  I2CMasterSlaveAddrSet         
00001e53  GPIOPinRead                   
00001e59  GPIOPinWrite                  
00001e5f  ResetISR                      
00001e65  SysCtlDelay                   
00001e6b  I2CMasterControl              
00001e6f  I2CMasterDataGet              
00001e73  I2CMasterDataPut              
00001e77  _system_pre_init              
00001e7b  C$$EXIT                       
00001e7b  abort                         
00001e80  _ctypes_                      
00002088  __TI_Handler_Table_Base       
0000208c  __TI_CINIT_Base               
0000208c  __TI_Handler_Table_Limit      
00002094  __TI_CINIT_Limit              
20000000  __stack                       
20000000  __start___llvm_prf_cnts       
20000000  __stop___llvm_prf_cnts        
20000100  __STACK_END                   
20000100  __STACK_TOP                   
20000100  sTime                         
20000124  sTrigger                      
ffffffff  __TI_pprof_out_hndl           
ffffffff  __TI_prof_data_size           
ffffffff  __TI_prof_data_start          
ffffffff  __binit__                     
ffffffff  __c_args__                    
ffffffff  binit                         
UNDEFED   __mpu_init                    
UNDEFED   _system_post_cinit            

[100 symbols]
