******************************************************************************
                  TI ARM Linker PC v20.2.5                     
******************************************************************************
>> Linked Tue Jan 25 22:01:03 2022

OUTPUT FILE NAME:   <project0.out>
ENTRY POINT SYMBOL: "_c_int00_noinit_noargs"  address: 00001959


MEMORY CONFIGURATION

         name            origin    length      used     unused   attr    fill
----------------------  --------  ---------  --------  --------  ----  --------
  FLASH                 00000000   00040000  00001dd2  0003e22e  R  X
  SRAM                  20000000   00008000  00000100  00007f00  RW X


SEGMENT ALLOCATION MAP

run origin  load origin   length   init length attrs members
----------  ----------- ---------- ----------- ----- -------
00000000    00000000    00001dd4   00001dd4    r-x
  00000000    00000000    0000026c   0000026c    r-- .intvecs
  0000026c    0000026c    00001966   00001966    r-x .text
  00001bd4    00001bd4    00000200   00000200    r-- .const
20000000    20000000    00000100   00000000    rw-
  20000000    20000000    00000100   00000000    rw- .stack


SECTION ALLOCATION MAP

 output                                  attributes/
section   page    origin      length       input sections
--------  ----  ----------  ----------   ----------------
.intvecs   0    00000000    0000026c     
                  00000000    0000026c     startup_ccs.obj (.intvecs)

.text      0    0000026c    00001966     
                  0000026c    00000318     Active_State.obj (.text:Active_state)
                  00000584    00000274     KEYBOARD.obj (.text:keypadScan)
                  000007f8    00000132     driverlib.lib : gpio.obj (.text:GPIOPadConfigSet)
                  0000092a    00000002     startup_ccs.obj (.text:FaultISR)
                  0000092c    00000110     driverlib.lib : sysctl.obj (.text:SysCtlClockGet)
                  00000a3c    0000010c     Config_State.obj (.text:Get_Time)
                  00000b48    00000108     Config_State.obj (.text:Get_Date)
                  00000c50    00000104     project0.obj (.text:main)
                  00000d54    000000f4     driverlib.lib : sysctl.obj (.text:SysCtlClockSet)
                  00000e48    000000d8     Config_State.obj (.text:Set_Timeout)
                  00000f20    000000d0     Init_System.obj (.text:init_system)
                  00000ff0    000000c4     driverlib.lib : hibernate.obj (.text:_HibernateCalendarSet)
                  000010b4    000000b4     Config_State.obj (.text:Set_Distance)
                  00001168    000000a4     Config_State.obj (.text:Set_PIN)
                  0000120c    00000094     Active_State.obj (.text:check_PIN)
                  000012a0    00000091     Active_State.obj (.text:alarm_Triggered)
                  00001331    00000001     --HOLE-- [fill = 0]
                  00001332    00000002     startup_ccs.obj (.text:IntDefaultHandler)
                  00001334    00000078     I2C_Sensor.obj (.text:start_I2C)
                  000013ac    0000006e     rtsv7M4_T_le_v4SPD16_eabi.lib : ltoa.c.obj (.text:ltoa)
                  0000141a    00000002     startup_ccs.obj (.text:NmiSR)
                  0000141c    00000068     driverlib.lib : hibernate.obj (.text:HibernateCalendarGet)
                  00001484    00000064     LCD.obj (.text:Lcd_Init)
                  000014e8    00000060     I2C_Sensor.obj (.text:get_value_sonar)
                  00001548    0000005c     LCD.obj (.text:Lcd_Write_Char)
                  000015a4    00000054     LCD.obj (.text:Lcd_Port)
                  000015f8    00000050     driverlib.lib : sysctl.obj (.text:SysCtlPeripheralReset)
                  00001648    00000050     PWM.obj (.text:pwm0_start)
                  00001698    0000004c     driverlib.lib : i2c.obj (.text:I2CMasterInitExpClk)
                  000016e4    0000004c     rtsv7M4_T_le_v4SPD16_eabi.lib : atoi.c.obj (.text:atoi)
                  00001730    00000048     driverlib.lib : gpio.obj (.text:GPIOPinConfigure)
                  00001778    00000048                   : hibernate.obj (.text:HibernateClockConfig)
                  000017c0    00000044     Config_State.obj (.text:DateTimeSet)
                  00001804    00000040     LCD.obj (.text:Lcd_Cmd)
                  00001844    00000040     PWM.obj (.text:pwm0_init)
                  00001884    00000038     Config_State.obj (.text:Config_init)
                  000018bc    00000038     driverlib.lib : sysctl.obj (.text:SysCtlPeripheralReady)
                  000018f4    00000034                   : sysctl.obj (.text:SysCtlPeripheralEnable)
                  00001928    00000030     I2C_Sensor.obj (.text:measure_sonar)
                  00001958    0000002c     rtsv7M4_T_le_v4SPD16_eabi.lib : boot_cortex_m.c.obj (.text:_c_int00_noinit_noargs:_c_int00_noinit_noargs)
                  00001984    0000002a     driverlib.lib : gpio.obj (.text:GPIODirModeSet)
                  000019ae    00000026     LCD.obj (.text:Lcd_Write_Integer)
                  000019d4    00000022     PWM.obj (.text:PWMGenConfigure)
                  000019f6    0000001e     PWM.obj (.text:PWMPulseWidthSet)
                  00001a14    00000018     driverlib.lib : gpio.obj (.text:GPIOPinTypeGPIOOutput)
                  00001a2c    00000018                   : hibernate.obj (.text:HibernateIntStatus)
                  00001a44    00000018     LCD.obj (.text:Lcd_Write_String)
                  00001a5c    00000014     driverlib.lib : hibernate.obj (.text:HibernateEnableExpClk)
                  00001a70    00000014                   : hibernate.obj (.text:HibernateIntClear)
                  00001a84    00000014                   : hibernate.obj (.text:HibernateRTCEnable)
                  00001a98    00000014     rtsv7M4_T_le_v4SPD16_eabi.lib : strcpy.c.obj (.text:strcpy)
                  00001aac    00000012     driverlib.lib : gpio.obj (.text:GPIOPinTypeGPIOInput)
                  00001abe    00000012                   : gpio.obj (.text:GPIOPinTypeI2C)
                  00001ad0    00000012                   : gpio.obj (.text:GPIOPinTypeI2CSCL)
                  00001ae2    00000012                   : gpio.obj (.text:GPIOPinTypePWM)
                  00001af4    00000012     PWM.obj (.text:PWMGenPeriodGet)
                  00001b06    00000012     PWM.obj (.text:PWMOutputState)
                  00001b18    00000010     driverlib.lib : hibernate.obj (.text:HibernateCalendarSet)
                  00001b28    00000010     LCD.obj (.text:Lcd_Clear)
                  00001b38    00000010     PWM.obj (.text:PWMGenPeriodSet)
                  00001b48    00000010     driverlib.lib : hibernate.obj (.text:_HibernateWriteComplete)
                  00001b58    00000010     PWM.obj (.text:pwm0_stop)
                  00001b68    0000000c     driverlib.lib : hibernate.obj (.text:HibernateCounterMode)
                  00001b74    0000000c                   : hibernate.obj (.text:HibernateRTCGet)
                  00001b80    0000000c     PWM.obj (.text:PWMGenEnable)
                  00001b8c    0000000a     driverlib.lib : i2c.obj (.text:I2CMasterEnable)
                  00001b96    00000008                   : i2c.obj (.text:I2CMasterBusy)
                  00001b9e    00000008                   : i2c.obj (.text:I2CMasterSlaveAddrSet)
                  00001ba6    00000006                   : gpio.obj (.text:GPIOPinRead)
                  00001bac    00000006                   : gpio.obj (.text:GPIOPinWrite)
                  00001bb2    00000006     startup_ccs.obj (.text:ResetISR)
                  00001bb8    00000006     driverlib.lib : sysctl.obj (.text:SysCtlDelay)
                  00001bbe    00000004                   : i2c.obj (.text:I2CMasterControl)
                  00001bc2    00000004                   : i2c.obj (.text:I2CMasterDataGet)
                  00001bc6    00000004                   : i2c.obj (.text:I2CMasterDataPut)
                  00001bca    00000004     rtsv7M4_T_le_v4SPD16_eabi.lib : pre_init.c.obj (.text:_system_pre_init)
                  00001bce    00000004                                   : exit.c.obj (.text:abort:abort)

.const     0    00001bd4    00000200     
                  00001bd4    00000101     rtsv7M4_T_le_v4SPD16_eabi.lib : ctype.c.obj (.const:.string:_ctypes_)
                  00001cd5    00000003     --HOLE-- [fill = 0]
                  00001cd8    00000090     driverlib.lib : gpio.obj (.const:g_pui32GPIOBaseAddrs)
                  00001d68    0000006c                   : sysctl.obj (.const:g_pui32Xtals)

.cinit     0    00000000    00000000     UNINITIALIZED

.init_array 
*          0    00000000    00000000     UNINITIALIZED

.stack     0    20000000    00000100     UNINITIALIZED
                  20000000    00000004     rtsv7M4_T_le_v4SPD16_eabi.lib : boot_cortex_m.c.obj (.stack)
                  20000004    000000fc     --HOLE--

__llvm_prf_cnts 
*          0    20000000    00000000     UNINITIALIZED

MODULE SUMMARY

       Module                code   ro data   rw data
       ------                ----   -------   -------
    .\
       Config_State.obj      1216   0         0      
       Active_State.obj      1085   0         0      
       startup_ccs.obj       12     620       0      
       KEYBOARD.obj          628    0         0      
       LCD.obj               418    0         0      
       PWM.obj               288    0         0      
       I2C_Sensor.obj        264    0         0      
       project0.obj          260    0         0      
       Init_System.obj       208    0         0      
    +--+---------------------+------+---------+---------+
       Total:                4379   620       0      
                                                     
    C:/ti/tivaware_c_series_2_1_4_178/driverlib/ccs/Debug/driverlib.lib
       sysctl.obj            710    108       0      
       gpio.obj              528    144       0      
       hibernate.obj         512    0         0      
       i2c.obj               114    0         0      
    +--+---------------------+------+---------+---------+
       Total:                1864   252       0      
                                                     
    C:\ti\ccs1100\ccs\tools\compiler\ti-cgt-arm_20.2.5.LTS\lib\rtsv7M4_T_le_v4SPD16_eabi.lib
       ctype.c.obj           0      257       0      
       ltoa.c.obj            110    0         0      
       atoi.c.obj            76     0         0      
       boot_cortex_m.c.obj   44     0         0      
       strcpy.c.obj          20     0         0      
       exit.c.obj            4      0         0      
       pre_init.c.obj        4      0         0      
    +--+---------------------+------+---------+---------+
       Total:                258    257       0      
                                                     
       Stack:                0      0         256    
    +--+---------------------+------+---------+---------+
       Grand Total:          6501   1129      256    


GLOBAL SYMBOLS: SORTED ALPHABETICALLY BY Name 

address   name                   
-------   ----                   
0000026d  Active_state           
00001bcf  C$$EXIT                
00001885  Config_init            
000017c1  DateTimeSet            
00001985  GPIODirModeSet         
000007f9  GPIOPadConfigSet       
00001731  GPIOPinConfigure       
00001ba7  GPIOPinRead            
00001aad  GPIOPinTypeGPIOInput   
00001a15  GPIOPinTypeGPIOOutput  
00001abf  GPIOPinTypeI2C         
00001ad1  GPIOPinTypeI2CSCL      
00001ae3  GPIOPinTypePWM         
00001bad  GPIOPinWrite           
00000b49  Get_Date               
00000a3d  Get_Time               
0000141d  HibernateCalendarGet   
00001b19  HibernateCalendarSet   
00001779  HibernateClockConfig   
00001b69  HibernateCounterMode   
00001a5d  HibernateEnableExpClk  
00001a71  HibernateIntClear      
00001a2d  HibernateIntStatus     
00001a85  HibernateRTCEnable     
00001b75  HibernateRTCGet        
00001b97  I2CMasterBusy          
00001bbf  I2CMasterControl       
00001bc3  I2CMasterDataGet       
00001bc7  I2CMasterDataPut       
00001b8d  I2CMasterEnable        
00001699  I2CMasterInitExpClk    
00001b9f  I2CMasterSlaveAddrSet  
00001b29  Lcd_Clear              
00001805  Lcd_Cmd                
00001485  Lcd_Init               
000015a5  Lcd_Port               
00001549  Lcd_Write_Char         
000019af  Lcd_Write_Integer      
00001a45  Lcd_Write_String       
000019d5  PWMGenConfigure        
00001b81  PWMGenEnable           
00001af5  PWMGenPeriodGet        
00001b39  PWMGenPeriodSet        
00001b07  PWMOutputState         
000019f7  PWMPulseWidthSet       
00001bb3  ResetISR               
000010b5  Set_Distance           
00001169  Set_PIN                
00000e49  Set_Timeout            
0000092d  SysCtlClockGet         
00000d55  SysCtlClockSet         
00001bb9  SysCtlDelay            
000018f5  SysCtlPeripheralEnable 
000018bd  SysCtlPeripheralReady  
000015f9  SysCtlPeripheralReset  
20000100  __STACK_END            
00000100  __STACK_SIZE           
20000100  __STACK_TOP            
ffffffff  __TI_pprof_out_hndl    
ffffffff  __TI_prof_data_size    
ffffffff  __TI_prof_data_start   
00000000  __TI_static_base__     
ffffffff  __binit__              
ffffffff  __c_args__             
UNDEFED   __mpu_init             
20000000  __stack                
20000000  __start___llvm_prf_cnts
20000000  __stop___llvm_prf_cnts 
00001959  _c_int00_noinit_noargs 
00001bd4  _ctypes_               
00001bcb  _system_pre_init       
00001bcf  abort                  
000012a1  alarm_Triggered        
000016e5  atoi                   
ffffffff  binit                  
0000120d  check_PIN              
00000000  g_pfnVectors           
000014e9  get_value_sonar        
00000f21  init_system            
00000585  keypadScan             
000013ad  ltoa                   
00000c51  main                   
00001929  measure_sonar          
00001845  pwm0_init              
00001649  pwm0_start             
00001b59  pwm0_stop              
00001335  start_I2C              
00001a99  strcpy                 


GLOBAL SYMBOLS: SORTED BY Symbol Address 

address   name                   
-------   ----                   
00000000  __TI_static_base__     
00000000  g_pfnVectors           
00000100  __STACK_SIZE           
0000026d  Active_state           
00000585  keypadScan             
000007f9  GPIOPadConfigSet       
0000092d  SysCtlClockGet         
00000a3d  Get_Time               
00000b49  Get_Date               
00000c51  main                   
00000d55  SysCtlClockSet         
00000e49  Set_Timeout            
00000f21  init_system            
000010b5  Set_Distance           
00001169  Set_PIN                
0000120d  check_PIN              
000012a1  alarm_Triggered        
00001335  start_I2C              
000013ad  ltoa                   
0000141d  HibernateCalendarGet   
00001485  Lcd_Init               
000014e9  get_value_sonar        
00001549  Lcd_Write_Char         
000015a5  Lcd_Port               
000015f9  SysCtlPeripheralReset  
00001649  pwm0_start             
00001699  I2CMasterInitExpClk    
000016e5  atoi                   
00001731  GPIOPinConfigure       
00001779  HibernateClockConfig   
000017c1  DateTimeSet            
00001805  Lcd_Cmd                
00001845  pwm0_init              
00001885  Config_init            
000018bd  SysCtlPeripheralReady  
000018f5  SysCtlPeripheralEnable 
00001929  measure_sonar          
00001959  _c_int00_noinit_noargs 
00001985  GPIODirModeSet         
000019af  Lcd_Write_Integer      
000019d5  PWMGenConfigure        
000019f7  PWMPulseWidthSet       
00001a15  GPIOPinTypeGPIOOutput  
00001a2d  HibernateIntStatus     
00001a45  Lcd_Write_String       
00001a5d  HibernateEnableExpClk  
00001a71  HibernateIntClear      
00001a85  HibernateRTCEnable     
00001a99  strcpy                 
00001aad  GPIOPinTypeGPIOInput   
00001abf  GPIOPinTypeI2C         
00001ad1  GPIOPinTypeI2CSCL      
00001ae3  GPIOPinTypePWM         
00001af5  PWMGenPeriodGet        
00001b07  PWMOutputState         
00001b19  HibernateCalendarSet   
00001b29  Lcd_Clear              
00001b39  PWMGenPeriodSet        
00001b59  pwm0_stop              
00001b69  HibernateCounterMode   
00001b75  HibernateRTCGet        
00001b81  PWMGenEnable           
00001b8d  I2CMasterEnable        
00001b97  I2CMasterBusy          
00001b9f  I2CMasterSlaveAddrSet  
00001ba7  GPIOPinRead            
00001bad  GPIOPinWrite           
00001bb3  ResetISR               
00001bb9  SysCtlDelay            
00001bbf  I2CMasterControl       
00001bc3  I2CMasterDataGet       
00001bc7  I2CMasterDataPut       
00001bcb  _system_pre_init       
00001bcf  C$$EXIT                
00001bcf  abort                  
00001bd4  _ctypes_               
20000000  __stack                
20000000  __start___llvm_prf_cnts
20000000  __stop___llvm_prf_cnts 
20000100  __STACK_END            
20000100  __STACK_TOP            
ffffffff  __TI_pprof_out_hndl    
ffffffff  __TI_prof_data_size    
ffffffff  __TI_prof_data_start   
ffffffff  __binit__              
ffffffff  __c_args__             
ffffffff  binit                  
UNDEFED   __mpu_init             

[88 symbols]
