******************************************************************************
                  TI ARM Linker PC v20.2.5                     
******************************************************************************
>> Linked Wed Jan 26 19:20:58 2022

OUTPUT FILE NAME:   <project0.out>
ENTRY POINT SYMBOL: "_c_int00_noargs"  address: 00001995


MEMORY CONFIGURATION

         name            origin    length      used     unused   attr    fill
----------------------  --------  ---------  --------  --------  ----  --------
  FLASH                 00000000   00040000  00001ea2  0003e15e  R  X
  SRAM                  20000000   00008000  00000124  00007edc  RW X


SEGMENT ALLOCATION MAP

run origin  load origin   length   init length attrs members
----------  ----------- ---------- ----------- ----- -------
00000000    00000000    00001ea4   00001ea4    r-x
  00000000    00000000    0000026c   0000026c    r-- .intvecs
  0000026c    0000026c    00001a22   00001a22    r-x .text
  00001c90    00001c90    00000200   00000200    r-- .const
  00001e90    00001e90    00000014   00000014    r-- .cinit
20000000    20000000    00000124   00000000    rw-
  20000000    20000000    00000100   00000000    rw- .stack
  20000100    20000100    00000024   00000000    rw- .bss


SECTION ALLOCATION MAP

 output                                  attributes/
section   page    origin      length       input sections
--------  ----  ----------  ----------   ----------------
.intvecs   0    00000000    0000026c     
                  00000000    0000026c     startup_ccs.obj (.intvecs)

.text      0    0000026c    00001a22     
                  0000026c    00000318     Active_State.obj (.text:Active_state)
                  00000584    00000274     KEYBOARD.obj (.text:keypadScan)
                  000007f8    00000132     driverlib.lib : gpio.obj (.text:GPIOPadConfigSet)
                  0000092a    00000002     startup_ccs.obj (.text:FaultISR)
                  0000092c    0000011c     project0.obj (.text:main)
                  00000a48    00000110     driverlib.lib : sysctl.obj (.text:SysCtlClockGet)
                  00000b58    0000010c     Config_State.obj (.text:Get_Time)
                  00000c64    00000108     Config_State.obj (.text:Get_Date)
                  00000d6c    000000f4     driverlib.lib : sysctl.obj (.text:SysCtlClockSet)
                  00000e60    000000d8     Config_State.obj (.text:Set_Timeout)
                  00000f38    000000d0     Init_System.obj (.text:init_system)
                  00001008    000000c4     driverlib.lib : hibernate.obj (.text:_HibernateCalendarSet)
                  000010cc    000000b4     Config_State.obj (.text:Set_Distance)
                  00001180    000000a4     Config_State.obj (.text:Set_PIN)
                  00001224    00000099     Active_State.obj (.text:alarm_Triggered)
                  000012bd    00000001     --HOLE-- [fill = 0]
                  000012be    00000002     startup_ccs.obj (.text:IntDefaultHandler)
                  000012c0    00000094     Active_State.obj (.text:check_PIN)
                  00001354    00000078     I2C_Sensor.obj (.text:start_I2C)
                  000013cc    0000006e     rtsv7M4_T_le_v4SPD16_eabi.lib : ltoa.c.obj (.text:ltoa)
                  0000143a    00000002     startup_ccs.obj (.text:NmiSR)
                  0000143c    00000068     driverlib.lib : hibernate.obj (.text:HibernateCalendarGet)
                  000014a4    00000064     LCD.obj (.text:Lcd_Init)
                  00001508    00000060     I2C_Sensor.obj (.text:get_value_sonar)
                  00001568    0000005c     LCD.obj (.text:Lcd_Write_Char)
                  000015c4    00000054     LCD.obj (.text:Lcd_Port)
                  00001618    00000050     driverlib.lib : sysctl.obj (.text:SysCtlPeripheralReset)
                  00001668    00000050     PWM.obj (.text:pwm0_start)
                  000016b8    0000004c     Config_State.obj (.text:DateTimeSet)
                  00001704    0000004c     driverlib.lib : i2c.obj (.text:I2CMasterInitExpClk)
                  00001750    0000004c     rtsv7M4_T_le_v4SPD16_eabi.lib : atoi.c.obj (.text:atoi)
                  0000179c    00000048     driverlib.lib : gpio.obj (.text:GPIOPinConfigure)
                  000017e4    00000048                   : hibernate.obj (.text:HibernateClockConfig)
                  0000182c    00000044     rtsv7M4_T_le_v4SPD16_eabi.lib : autoinit.c.obj (.text:__TI_auto_init_nobinit_nopinit:__TI_auto_init_nobinit_nopinit)
                  00001870    00000040     LCD.obj (.text:Lcd_Cmd)
                  000018b0    00000040     PWM.obj (.text:pwm0_init)
                  000018f0    00000038     Config_State.obj (.text:Config_init)
                  00001928    00000038     driverlib.lib : sysctl.obj (.text:SysCtlPeripheralReady)
                  00001960    00000034                   : sysctl.obj (.text:SysCtlPeripheralEnable)
                  00001994    00000034     rtsv7M4_T_le_v4SPD16_eabi.lib : boot_cortex_m.c.obj (.text:_c_int00_noargs:_c_int00_noargs)
                  000019c8    00000030     I2C_Sensor.obj (.text:measure_sonar)
                  000019f8    0000002c     driverlib.lib : hibernate.obj (.text:HibernateRTCSet)
                  00001a24    0000002a                   : gpio.obj (.text:GPIODirModeSet)
                  00001a4e    00000026     LCD.obj (.text:Lcd_Write_Integer)
                  00001a74    00000022     PWM.obj (.text:PWMGenConfigure)
                  00001a96    0000001e     PWM.obj (.text:PWMPulseWidthSet)
                  00001ab4    0000001c     rtsv7M4_T_le_v4SPD16_eabi.lib : copy_zero_init.c.obj (.text:decompress:ZI:__TI_zero_init_nomemset:__TI_zero_init_nomemset)
                  00001ad0    00000018     driverlib.lib : gpio.obj (.text:GPIOPinTypeGPIOOutput)
                  00001ae8    00000018                   : hibernate.obj (.text:HibernateIntStatus)
                  00001b00    00000018     LCD.obj (.text:Lcd_Write_String)
                  00001b18    00000014     driverlib.lib : hibernate.obj (.text:HibernateEnableExpClk)
                  00001b2c    00000014                   : hibernate.obj (.text:HibernateIntClear)
                  00001b40    00000014                   : hibernate.obj (.text:HibernateRTCEnable)
                  00001b54    00000014     rtsv7M4_T_le_v4SPD16_eabi.lib : strcpy.c.obj (.text:strcpy)
                  00001b68    00000012     driverlib.lib : gpio.obj (.text:GPIOPinTypeGPIOInput)
                  00001b7a    00000012                   : gpio.obj (.text:GPIOPinTypeI2C)
                  00001b8c    00000012                   : gpio.obj (.text:GPIOPinTypeI2CSCL)
                  00001b9e    00000012                   : gpio.obj (.text:GPIOPinTypePWM)
                  00001bb0    00000012     PWM.obj (.text:PWMGenPeriodGet)
                  00001bc2    00000012     PWM.obj (.text:PWMOutputState)
                  00001bd4    00000010     driverlib.lib : hibernate.obj (.text:HibernateCalendarSet)
                  00001be4    00000010     LCD.obj (.text:Lcd_Clear)
                  00001bf4    00000010     PWM.obj (.text:PWMGenPeriodSet)
                  00001c04    00000010     driverlib.lib : hibernate.obj (.text:_HibernateWriteComplete)
                  00001c14    00000010     PWM.obj (.text:pwm0_stop)
                  00001c24    0000000c     driverlib.lib : hibernate.obj (.text:HibernateCounterMode)
                  00001c30    0000000c                   : hibernate.obj (.text:HibernateRTCGet)
                  00001c3c    0000000c     PWM.obj (.text:PWMGenEnable)
                  00001c48    0000000a     driverlib.lib : i2c.obj (.text:I2CMasterEnable)
                  00001c52    00000008                   : i2c.obj (.text:I2CMasterBusy)
                  00001c5a    00000008                   : i2c.obj (.text:I2CMasterSlaveAddrSet)
                  00001c62    00000006                   : gpio.obj (.text:GPIOPinRead)
                  00001c68    00000006                   : gpio.obj (.text:GPIOPinWrite)
                  00001c6e    00000006     startup_ccs.obj (.text:ResetISR)
                  00001c74    00000006     driverlib.lib : sysctl.obj (.text:SysCtlDelay)
                  00001c7a    00000004                   : i2c.obj (.text:I2CMasterControl)
                  00001c7e    00000004                   : i2c.obj (.text:I2CMasterDataGet)
                  00001c82    00000004                   : i2c.obj (.text:I2CMasterDataPut)
                  00001c86    00000004     rtsv7M4_T_le_v4SPD16_eabi.lib : pre_init.c.obj (.text:_system_pre_init)
                  00001c8a    00000004                                   : exit.c.obj (.text:abort:abort)

.const     0    00001c90    00000200     
                  00001c90    00000101     rtsv7M4_T_le_v4SPD16_eabi.lib : ctype.c.obj (.const:.string:_ctypes_)
                  00001d91    00000003     --HOLE-- [fill = 0]
                  00001d94    00000090     driverlib.lib : gpio.obj (.const:g_pui32GPIOBaseAddrs)
                  00001e24    0000006c                   : sysctl.obj (.const:g_pui32Xtals)

.cinit     0    00001e90    00000014     
                  00001e90    00000008     (.cinit..bss.load) [load image, compression = zero_init]
                  00001e98    00000004     (__TI_handler_table)
                  00001e9c    00000008     (__TI_cinit_table)

.init_array 
*          0    00000000    00000000     UNINITIALIZED

.bss       0    20000100    00000024     UNINITIALIZED
                  20000100    00000024     (.common:sTime)

.stack     0    20000000    00000100     UNINITIALIZED
                  20000000    00000004     rtsv7M4_T_le_v4SPD16_eabi.lib : boot_cortex_m.c.obj (.stack)
                  20000004    000000fc     --HOLE--

__llvm_prf_cnts 
*          0    20000000    00000000     UNINITIALIZED

MODULE SUMMARY

       Module                 code   ro data   rw data
       ------                 ----   -------   -------
    .\
       Config_State.obj       1224   0         0      
       Active_State.obj       1093   0         36     
       startup_ccs.obj        12     620       0      
       KEYBOARD.obj           628    0         0      
       LCD.obj                418    0         0      
       PWM.obj                288    0         0      
       project0.obj           284    0         0      
       I2C_Sensor.obj         264    0         0      
       Init_System.obj        208    0         0      
    +--+----------------------+------+---------+---------+
       Total:                 4419   620       36     
                                                      
    C:/ti/tivaware_c_series_2_1_4_178/driverlib/ccs/Debug/driverlib.lib
       sysctl.obj             710    108       0      
       gpio.obj               528    144       0      
       hibernate.obj          556    0         0      
       i2c.obj                114    0         0      
    +--+----------------------+------+---------+---------+
       Total:                 1908   252       0      
                                                      
    C:\ti\ccs1100\ccs\tools\compiler\ti-cgt-arm_20.2.5.LTS\lib\rtsv7M4_T_le_v4SPD16_eabi.lib
       ctype.c.obj            0      257       0      
       ltoa.c.obj             110    0         0      
       atoi.c.obj             76     0         0      
       autoinit.c.obj         68     0         0      
       boot_cortex_m.c.obj    52     0         0      
       copy_zero_init.c.obj   28     0         0      
       strcpy.c.obj           20     0         0      
       exit.c.obj             4      0         0      
       pre_init.c.obj         4      0         0      
    +--+----------------------+------+---------+---------+
       Total:                 362    257       0      
                                                      
       Stack:                 0      0         256    
       Linker Generated:      0      20        0      
    +--+----------------------+------+---------+---------+
       Grand Total:           6689   1149      292    


LINKER GENERATED COPY TABLES

__TI_cinit_table @ 00001e9c records: 1, size/record: 8, table size: 8
	.bss: load addr=00001e90, load size=00000008 bytes, run addr=20000100, run size=00000024 bytes, compression=zero_init


LINKER GENERATED HANDLER TABLE

__TI_handler_table @ 00001e98 records: 1, size/record: 4, table size: 4
	index: 0, handler: __TI_zero_init


GLOBAL SYMBOLS: SORTED ALPHABETICALLY BY Name 

address   name                          
-------   ----                          
0000026d  Active_state                  
00001c8b  C$$EXIT                       
000018f1  Config_init                   
000016b9  DateTimeSet                   
00001a25  GPIODirModeSet                
000007f9  GPIOPadConfigSet              
0000179d  GPIOPinConfigure              
00001c63  GPIOPinRead                   
00001b69  GPIOPinTypeGPIOInput          
00001ad1  GPIOPinTypeGPIOOutput         
00001b7b  GPIOPinTypeI2C                
00001b8d  GPIOPinTypeI2CSCL             
00001b9f  GPIOPinTypePWM                
00001c69  GPIOPinWrite                  
00000c65  Get_Date                      
00000b59  Get_Time                      
0000143d  HibernateCalendarGet          
00001bd5  HibernateCalendarSet          
000017e5  HibernateClockConfig          
00001c25  HibernateCounterMode          
00001b19  HibernateEnableExpClk         
00001b2d  HibernateIntClear             
00001ae9  HibernateIntStatus            
00001b41  HibernateRTCEnable            
00001c31  HibernateRTCGet               
000019f9  HibernateRTCSet               
00001c53  I2CMasterBusy                 
00001c7b  I2CMasterControl              
00001c7f  I2CMasterDataGet              
00001c83  I2CMasterDataPut              
00001c49  I2CMasterEnable               
00001705  I2CMasterInitExpClk           
00001c5b  I2CMasterSlaveAddrSet         
00001be5  Lcd_Clear                     
00001871  Lcd_Cmd                       
000014a5  Lcd_Init                      
000015c5  Lcd_Port                      
00001569  Lcd_Write_Char                
00001a4f  Lcd_Write_Integer             
00001b01  Lcd_Write_String              
00001a75  PWMGenConfigure               
00001c3d  PWMGenEnable                  
00001bb1  PWMGenPeriodGet               
00001bf5  PWMGenPeriodSet               
00001bc3  PWMOutputState                
00001a97  PWMPulseWidthSet              
00001c6f  ResetISR                      
000010cd  Set_Distance                  
00001181  Set_PIN                       
00000e61  Set_Timeout                   
00000a49  SysCtlClockGet                
00000d6d  SysCtlClockSet                
00001c75  SysCtlDelay                   
00001961  SysCtlPeripheralEnable        
00001929  SysCtlPeripheralReady         
00001619  SysCtlPeripheralReset         
20000100  __STACK_END                   
00000100  __STACK_SIZE                  
20000100  __STACK_TOP                   
00001e9c  __TI_CINIT_Base               
00001ea4  __TI_CINIT_Limit              
00001e98  __TI_Handler_Table_Base       
00001e9c  __TI_Handler_Table_Limit      
0000182d  __TI_auto_init_nobinit_nopinit
ffffffff  __TI_pprof_out_hndl           
ffffffff  __TI_prof_data_size           
ffffffff  __TI_prof_data_start          
00000000  __TI_static_base__            
00001ab5  __TI_zero_init_nomemset       
ffffffff  __binit__                     
ffffffff  __c_args__                    
UNDEFED   __mpu_init                    
20000000  __stack                       
20000000  __start___llvm_prf_cnts       
20000000  __stop___llvm_prf_cnts        
00001995  _c_int00_noargs               
00001c90  _ctypes_                      
UNDEFED   _system_post_cinit            
00001c87  _system_pre_init              
00001c8b  abort                         
00001225  alarm_Triggered               
00001751  atoi                          
ffffffff  binit                         
000012c1  check_PIN                     
00000000  g_pfnVectors                  
00001509  get_value_sonar               
00000f39  init_system                   
00000585  keypadScan                    
000013cd  ltoa                          
0000092d  main                          
000019c9  measure_sonar                 
000018b1  pwm0_init                     
00001669  pwm0_start                    
00001c15  pwm0_stop                     
20000100  sTime                         
00001355  start_I2C                     
00001b55  strcpy                        


GLOBAL SYMBOLS: SORTED BY Symbol Address 

address   name                          
-------   ----                          
00000000  __TI_static_base__            
00000000  g_pfnVectors                  
00000100  __STACK_SIZE                  
0000026d  Active_state                  
00000585  keypadScan                    
000007f9  GPIOPadConfigSet              
0000092d  main                          
00000a49  SysCtlClockGet                
00000b59  Get_Time                      
00000c65  Get_Date                      
00000d6d  SysCtlClockSet                
00000e61  Set_Timeout                   
00000f39  init_system                   
000010cd  Set_Distance                  
00001181  Set_PIN                       
00001225  alarm_Triggered               
000012c1  check_PIN                     
00001355  start_I2C                     
000013cd  ltoa                          
0000143d  HibernateCalendarGet          
000014a5  Lcd_Init                      
00001509  get_value_sonar               
00001569  Lcd_Write_Char                
000015c5  Lcd_Port                      
00001619  SysCtlPeripheralReset         
00001669  pwm0_start                    
000016b9  DateTimeSet                   
00001705  I2CMasterInitExpClk           
00001751  atoi                          
0000179d  GPIOPinConfigure              
000017e5  HibernateClockConfig          
0000182d  __TI_auto_init_nobinit_nopinit
00001871  Lcd_Cmd                       
000018b1  pwm0_init                     
000018f1  Config_init                   
00001929  SysCtlPeripheralReady         
00001961  SysCtlPeripheralEnable        
00001995  _c_int00_noargs               
000019c9  measure_sonar                 
000019f9  HibernateRTCSet               
00001a25  GPIODirModeSet                
00001a4f  Lcd_Write_Integer             
00001a75  PWMGenConfigure               
00001a97  PWMPulseWidthSet              
00001ab5  __TI_zero_init_nomemset       
00001ad1  GPIOPinTypeGPIOOutput         
00001ae9  HibernateIntStatus            
00001b01  Lcd_Write_String              
00001b19  HibernateEnableExpClk         
00001b2d  HibernateIntClear             
00001b41  HibernateRTCEnable            
00001b55  strcpy                        
00001b69  GPIOPinTypeGPIOInput          
00001b7b  GPIOPinTypeI2C                
00001b8d  GPIOPinTypeI2CSCL             
00001b9f  GPIOPinTypePWM                
00001bb1  PWMGenPeriodGet               
00001bc3  PWMOutputState                
00001bd5  HibernateCalendarSet          
00001be5  Lcd_Clear                     
00001bf5  PWMGenPeriodSet               
00001c15  pwm0_stop                     
00001c25  HibernateCounterMode          
00001c31  HibernateRTCGet               
00001c3d  PWMGenEnable                  
00001c49  I2CMasterEnable               
00001c53  I2CMasterBusy                 
00001c5b  I2CMasterSlaveAddrSet         
00001c63  GPIOPinRead                   
00001c69  GPIOPinWrite                  
00001c6f  ResetISR                      
00001c75  SysCtlDelay                   
00001c7b  I2CMasterControl              
00001c7f  I2CMasterDataGet              
00001c83  I2CMasterDataPut              
00001c87  _system_pre_init              
00001c8b  C$$EXIT                       
00001c8b  abort                         
00001c90  _ctypes_                      
00001e98  __TI_Handler_Table_Base       
00001e9c  __TI_CINIT_Base               
00001e9c  __TI_Handler_Table_Limit      
00001ea4  __TI_CINIT_Limit              
20000000  __stack                       
20000000  __start___llvm_prf_cnts       
20000000  __stop___llvm_prf_cnts        
20000100  __STACK_END                   
20000100  __STACK_TOP                   
20000100  sTime                         
ffffffff  __TI_pprof_out_hndl           
ffffffff  __TI_prof_data_size           
ffffffff  __TI_prof_data_start          
ffffffff  __binit__                     
ffffffff  __c_args__                    
ffffffff  binit                         
UNDEFED   __mpu_init                    
UNDEFED   _system_post_cinit            

[97 symbols]
